Component: ARM Compiler 5.05 update 1 (build 106) Tool: armlink [4d0efa]

==============================================================================

Section Cross References

    main.o(.text) refers to _printf_percent.o(.ARM.Collect$$_printf_percent$$00000000) for _printf_percent
    main.o(.text) refers to _printf_d.o(.ARM.Collect$$_printf_percent$$00000009) for _printf_d
    main.o(.text) refers to _printf_dec.o(.text) for _printf_int_dec
    main.o(.text) refers to _printf_f.o(.ARM.Collect$$_printf_percent$$00000003) for _printf_f
    main.o(.text) refers to printf1.o(x$fpl$printf1) for _printf_fp_dec
    main.o(.text) refers to delay.o(.text) for delay_ms
    main.o(.text) refers to hc-sr501.o(.text) for HC_SR501_Application
    main.o(.text) refers to rt_memclr_w.o(.text) for __aeabi_memclr4
    main.o(.text) refers to noretval__2sprintf.o(.text) for __2sprintf
    main.o(.text) refers to strcat.o(.text) for strcat
    main.o(.text) refers to bc28.o(.text) for BC28_ALYIOTSenddata
    main.o(.text) refers to mq.o(.text) for GetMQ135Out
    main.o(.text) refers to f2d.o(x$fpl$f2d) for __aeabi_f2d
    main.o(.text) refers to drleqf.o(x$fpl$drleqf) for __aeabi_cdrcmple
    main.o(.text) refers to beep.o(.text) for beep_on
    main.o(.text) refers to dht11.o(.text) for dht11_read
    main.o(.text) refers to mg90s.o(.text) for sg_angle
    main.o(.text) refers to ultrasonic.o(.text) for sr04_get_distance
    main.o(.text) refers to oled.o(.text) for OLED_Clear
    main.o(.text) refers to dleqf.o(x$fpl$dleqf) for __aeabi_cdcmple
    main.o(.text) refers to os_core.o(.text) for OSStatInit
    main.o(.text) refers to os_cpu_a.o(.text) for OS_CPU_SR_Save
    main.o(.text) refers to os_task.o(.text) for OSTaskCreate
    main.o(.text) refers to misc.o(.text) for NVIC_PriorityGroupConfig
    main.o(.text) refers to usart.o(.text) for usart1_init
    main.o(.text) refers to main.o(.bss) for tempstr
    main.o(.text) refers to main.o(.data) for sendbeep
    system_stm32f4xx.o(.text) refers to system_stm32f4xx.o(.data) for SystemCoreClock
    oled.o(.text) refers to stm32f4xx_gpio.o(.text) for GPIO_Init
    oled.o(.text) refers to delay.o(.text) for delay_us
    oled.o(.text) refers to oled.o(.data) for GPIO_InitStructure
    oled.o(.text) refers to stm32f4xx_rcc.o(.text) for RCC_AHB1PeriphClockCmd
    led.o(.text) refers to stm32f4xx_rcc.o(.text) for RCC_AHB1PeriphClockCmd
    led.o(.text) refers to stm32f4xx_gpio.o(.text) for GPIO_Init
    dht11.o(.text) refers to stm32f4xx_rcc.o(.text) for RCC_AHB1PeriphClockCmd
    dht11.o(.text) refers to stm32f4xx_gpio.o(.text) for GPIO_Init
    dht11.o(.text) refers to delay.o(.text) for delay_ms
    beep.o(.text) refers to stm32f4xx_rcc.o(.text) for RCC_AHB1PeriphClockCmd
    beep.o(.text) refers to stm32f4xx_gpio.o(.text) for GPIO_Init
    key.o(.text) refers to stm32f4xx_rcc.o(.text) for RCC_AHB1PeriphClockCmd
    key.o(.text) refers to stm32f4xx_gpio.o(.text) for GPIO_Init
    key.o(.text) refers to delay.o(.text) for delay_ms
    key.o(.text) refers to key.o(.data) for key_up
    ultrasonic.o(.text) refers to stm32f4xx_rcc.o(.text) for RCC_AHB1PeriphClockCmd
    ultrasonic.o(.text) refers to stm32f4xx_gpio.o(.text) for GPIO_Init
    ultrasonic.o(.text) refers to delay.o(.text) for delay_us
    adc.o(.text) refers to stm32f4xx_rcc.o(.text) for RCC_AHB1PeriphClockCmd
    adc.o(.text) refers to stm32f4xx_gpio.o(.text) for GPIO_Init
    adc.o(.text) refers to stm32f4xx_adc.o(.text) for ADC_CommonInit
    adc.o(.text) refers to delay.o(.text) for delay_ms
    mq.o(.text) refers to stm32f4xx_rcc.o(.text) for RCC_AHB1PeriphClockCmd
    mq.o(.text) refers to stm32f4xx_gpio.o(.text) for GPIO_Init
    mq.o(.text) refers to stm32f4xx_adc.o(.text) for ADC_CommonInit
    mq.o(.text) refers to adc.o(.text) for Get_Adc_Average
    mq.o(.text) refers to dflt_clz.o(x$fpl$dfltu) for __aeabi_ui2d
    mq.o(.text) refers to dmul.o(x$fpl$dmul) for __aeabi_dmul
    mq.o(.text) refers to daddsub_clz.o(x$fpl$dsub) for __aeabi_dsub
    mq.o(.text) refers to ddiv.o(x$fpl$ddiv) for __aeabi_ddiv
    mq.o(.text) refers to pow.o(i.__hardfp_pow) for __hardfp_pow
    mq.o(.text) refers to d2f.o(x$fpl$d2f) for __aeabi_d2f
    bc28.o(.text) refers to _printf_percent.o(.ARM.Collect$$_printf_percent$$00000000) for _printf_percent
    bc28.o(.text) refers to _printf_s.o(.ARM.Collect$$_printf_percent$$00000014) for _printf_s
    bc28.o(.text) refers to _printf_str.o(.text) for _printf_str
    bc28.o(.text) refers to _printf_d.o(.ARM.Collect$$_printf_percent$$00000009) for _printf_d
    bc28.o(.text) refers to _printf_dec.o(.text) for _printf_int_dec
    bc28.o(.text) refers to delay.o(.text) for delay_ms
    bc28.o(.text) refers to rt_memclr.o(.text) for __aeabi_memclr
    bc28.o(.text) refers to noretval__2printf.o(.text) for __2printf
    bc28.o(.text) refers to usart.o(.text) for usart_send_str
    bc28.o(.text) refers to strstr.o(.text) for strstr
[...]
    __rt_lib_init_stdio_1                    0x08000269   Thumb Code     0  libinit2.o(.ARM.Collect$$libinit$$00000025)
    __rt_lib_shutdown                        0x0800026b   Thumb Code     0  libshutdown.o(.ARM.Collect$$libshutdown$$00000000)
    __rt_lib_shutdown_fp_trap_1              0x0800026d   Thumb Code     0  libshutdown2.o(.ARM.Collect$$libshutdown$$00000006)
    __rt_lib_shutdown_heap_1                 0x0800026d   Thumb Code     0  libshutdown2.o(.ARM.Collect$$libshutdown$$0000000E)
    __rt_lib_shutdown_return                 0x0800026d   Thumb Code     0  libshutdown2.o(.ARM.Collect$$libshutdown$$0000000F)
    __rt_lib_shutdown_signal_1               0x0800026d   Thumb Code     0  libshutdown2.o(.ARM.Collect$$libshutdown$$00000009)
    __rt_lib_shutdown_stdio_1                0x0800026d   Thumb Code     0  libshutdown2.o(.ARM.Collect$$libshutdown$$00000003)
    __rt_lib_shutdown_user_alloc_1           0x0800026d   Thumb Code     0  libshutdown2.o(.ARM.Collect$$libshutdown$$0000000B)
    __rt_entry                               0x0800026f   Thumb Code     0  __rtentry.o(.ARM.Collect$$rtentry$$00000000)
    __rt_entry_presh_1                       0x0800026f   Thumb Code     0  __rtentry2.o(.ARM.Collect$$rtentry$$00000002)
    __rt_entry_sh                            0x0800026f   Thumb Code     0  __rtentry4.o(.ARM.Collect$$rtentry$$00000004)
    __rt_entry_li                            0x08000275   Thumb Code     0  __rtentry2.o(.ARM.Collect$$rtentry$$0000000A)
    __rt_entry_postsh_1                      0x08000275   Thumb Code     0  __rtentry2.o(.ARM.Collect$$rtentry$$00000009)
    __rt_entry_main                          0x08000279   Thumb Code     0  __rtentry2.o(.ARM.Collect$$rtentry$$0000000D)
    __rt_entry_postli_1                      0x08000279   Thumb Code     0  __rtentry2.o(.ARM.Collect$$rtentry$$0000000C)
    __rt_exit                                0x08000281   Thumb Code     0  rtexit.o(.ARM.Collect$$rtexit$$00000000)
    __rt_exit_ls                             0x08000283   Thumb Code     0  rtexit2.o(.ARM.Collect$$rtexit$$00000003)
    __rt_exit_prels_1                        0x08000283   Thumb Code     0  rtexit2.o(.ARM.Collect$$rtexit$$00000002)
    __rt_exit_exit                           0x08000287   Thumb Code     0  rtexit2.o(.ARM.Collect$$rtexit$$00000004)
    openlid_task                             0x0800028d   Thumb Code    16  main.o(.text)
    bc28_task                                0x0800029d   Thumb Code   204  main.o(.text)
    mq_task                                  0x08000369   Thumb Code    94  main.o(.text)
    dht11_task                               0x080003c7   Thumb Code    54  main.o(.text)
    ultrasonic_task                          0x080003fd   Thumb Code    20  main.o(.text)
    oled_task                                0x08000411   Thumb Code   358  main.o(.text)
    start_task                               0x08000577   Thumb Code   116  main.o(.text)
    main                                     0x080005eb   Thumb Code   310  main.o(.text)
    led_task                                 0x08000721   Thumb Code    34  main.o(.text)
    beep_task                                0x08000743   Thumb Code    28  main.o(.text)
    NMI_Handler                              0x0800076d   Thumb Code     2  stm32f4xx_it.o(.text)
    HardFault_Handler                        0x0800076f   Thumb Code     4  stm32f4xx_it.o(.text)
    MemManage_Handler                        0x08000773   Thumb Code     4  stm32f4xx_it.o(.text)
    BusFault_Handler                         0x08000777   Thumb Code     4  stm32f4xx_it.o(.text)
    UsageFault_Handler                       0x0800077b   Thumb Code     4  stm32f4xx_it.o(.text)
    SVC_Handler                              0x0800077f   Thumb Code     2  stm32f4xx_it.o(.text)
    DebugMon_Handler                         0x08000781   Thumb Code     2  stm32f4xx_it.o(.text)
    SystemInit                               0x08000861   Thumb Code    88  system_stm32f4xx.o(.text)
    SystemCoreClockUpdate                    0x080008b9   Thumb Code   174  system_stm32f4xx.o(.text)
    sda_pin_mode                             0x08000995   Thumb Code    36  oled.o(.text)
    IIC_Start                                0x080009b9   Thumb Code    56  oled.o(.text)
    IIC_Stop                                 0x080009f1   Thumb Code    44  oled.o(.text)
    IIC_Wait_Ack                             0x08000a1d   Thumb Code    52  oled.o(.text)
    Write_IIC_Byte                           0x08000a51   Thumb Code    98  oled.o(.text)
    Write_IIC_Command                        0x08000ab3   Thumb Code    44  oled.o(.text)
    Write_IIC_Data                           0x08000adf   Thumb Code    44  oled.o(.text)
    OLED_WR_Byte                             0x08000b0b   Thumb Code    24  oled.o(.text)
    fill_picture                             0x08000b23   Thumb Code    64  oled.o(.text)
    OLED_Set_Pos                             0x08000b63   Thumb Code    40  oled.o(.text)
    OLED_Display_On                          0x08000b8b   Thumb Code    28  oled.o(.text)
    OLED_Display_Off                         0x08000ba7   Thumb Code    28  oled.o(.text)
    OLED_Clear                               0x08000bc3   Thumb Code    62  oled.o(.text)
    OLED_On                                  0x08000c01   Thumb Code    62  oled.o(.text)
    OLED_ShowChar                            0x08000c3f   Thumb Code   154  oled.o(.text)
    oled_pow                                 0x08000cd9   Thumb Code    22  oled.o(.text)
    OLED_ShowNum                             0x08000cef   Thumb Code   136  oled.o(.text)
    OLED_ShowString                          0x08000d77   Thumb Code    84  oled.o(.text)
    OLED_ShowCHinese                         0x08000dcb   Thumb Code    98  oled.o(.text)
    OLED_DrawBMP                             0x08000e2d   Thumb Code   118  oled.o(.text)
    OLED_Init                                0x08000ea3   Thumb Code   284  oled.o(.text)
    name_ch                                  0x08000fbf   Thumb Code    84  oled.o(.text)
    ok_ch                                    0x08001013   Thumb Code    54  oled.o(.text)
    designer_ch                              0x08001049   Thumb Code    76  oled.o(.text)
    distance_ch                              0x08001095   Thumb Code    60  oled.o(.text)
    time_char                                0x080010d1   Thumb Code   112  oled.o(.text)
    dead_ch                                  0x08001141   Thumb Code    74  oled.o(.text)
    left_ch                                  0x0800118b   Thumb Code    94  oled.o(.text)
    right_ch                                 0x080011e9   Thumb Code    74  oled.o(.text)
    dht11_init                               0x08001235   Thumb Code    54  dht11.o(.text)
    dht11_read                               0x0800126b   Thumb Code   358  dht11.o(.text)
    beep_Init                                0x080013e1   Thumb Code    60  beep.o(.text)
    beep_on                                  0x0800141d   Thumb Code    14  beep.o(.text)
    beep_off                                 0x0800142b   Thumb Code    14  beep.o(.text)
    sr04_init                                0x08001441   Thumb Code    86  ultrasonic.o(.text)
    sr04_get_distance                        0x08001497   Thumb Code    86  ultrasonic.o(.text)
    Adc_Init                                 0x080014fd   Thumb Code   124  adc.o(.text)
    Get_Adc                                  0x08001579   Thumb Code    44  adc.o(.text)
    Get_Adc_Average                          0x080015a5   Thumb Code    46  adc.o(.text)
    MQ135_Init                               0x080015dd   Thumb Code   124  mq.o(.text)
    GetMQ135Out                              0x08001659   Thumb Code   162  mq.o(.text)
    Clear_Buffer                             0x0800172d   Thumb Code    30  bc28.o(.text)
    BC28_Init                                0x0800174b   Thumb Code   550  bc28.o(.text)
    BC28_PDPACT                              0x08001971   Thumb Code   120  bc28.o(.text)
    BC28_RegALIYUNIOT                        0x080019e9   Thumb Code   266  bc28.o(.text)
    BC28_ALYIOTSenddata                      0x08001af3   Thumb Code   854  bc28.o(.text)
    HC_SR501_Init                            0x08001e9d   Thumb Code   124  hc-sr501.o(.text)
    Get_Adc2                                 0x08001f19   Thumb Code    44  hc-sr501.o(.text)
    Get_Adc2_Average                         0x08001f45   Thumb Code    46  hc-sr501.o(.text)
    HC_SR501_Read                            0x08001f73   Thumb Code    24  hc-sr501.o(.text)
    HC_SR501_Application                     0x08001f8b   Thumb Code   160  hc-sr501.o(.text)
    mg_init                                  0x08002041   Thumb Code   150  mg90s.o(.text)
    sg_angle                                 0x080020d7   Thumb Code   310  mg90s.o(.text)
    Reset_Handler                            0x0800223d   Thumb Code     8  startup_stm32f40_41xxx.o(.text)
    ADC_IRQHandler                           0x08002257   Thumb Code     0  startup_stm32f40_41xxx.o(.text)
    CAN1_RX0_IRQHandler                      0x08002257   Thumb Code     0  startup_stm32f40_41xxx.o(.text)
    CAN1_RX1_IRQHandler                      0x08002257   Thumb Code     0  startup_stm32f40_41xxx.o(.text)
    CAN1_SCE_IRQHandler                      0x08002257   Thumb Code     0  startup_stm32f40_41xxx.o(.text)
    CAN1_TX_IRQHandler                       0x08002257   Thumb Code     0  startup_stm32f40_41xxx.o(.text)
    CAN2_RX0_IRQHandler                      0x08002257   Thumb Code     0  startup_stm32f40_41xxx.o(.text)
    CAN2_RX1_IRQHandler                      0x08002257   Thumb Code     0  startup_stm32f40_41xxx.o(.text)
    CAN2_SCE_IRQHandler                      0x08002257   Thumb Code     0  startup_stm32f40_41xxx.o(.text)
    CAN2_TX_IRQHandler                       0x08002257   Thumb Code     0  startup_stm32f40_41xxx.o(.text)
    CRYP_IRQHandler                          0x08002257   Thumb Code     0  startup_stm32f40_41xxx.o(.text)
    DCMI_IRQHandler                          0x08002257   Thumb Code     0  startup_stm32f40_41xxx.o(.text)
    DMA1_Stream0_IRQHandler                  0x08002257   Thumb Code     0  startup_stm32f40_41xxx.o(.text)
    DMA1_Stream1_IRQHandler                  0x08002257   Thumb Code     0  startup_stm32f40_41xxx.o(.text)
    DMA1_Stream2_IRQHandler                  0x08002257   Thumb Code     0  startup_stm32f40_41xxx.o(.text)
    DMA1_Stream3_IRQHandler                  0x08002257   Thumb Code     0  startup_stm32f40_41xxx.o(.text)
    DMA1_Stream4_IRQHandler                  0x08002257   Thumb Code     0  startup_stm32f40_41xxx.o(.text)
    DMA1_Stream5_IRQHandler                  0x08002257   Thumb Code     0  startup_stm32f40_41xxx.o(.text)
    DMA1_Stream6_IRQHandler                  0x08002257   Thumb Code     0  startup_stm32f40_41xxx.o(.text)
    DMA1_Stream7_IRQHandler                  0x08002257   Thumb Code     0  startup_stm32f40_41xxx.o(.text)
    DMA2_Stream0_IRQHandler                  0x08002257   Thumb Code     0  startup_stm32f40_41xxx.o(.text)
    DMA2_Stream1_IRQHandler                  0x08002257   Thumb Code     0  startup_stm32f40_41xxx.o(.text)
    DMA2_Stream2_IRQHandler                  0x08002257   Thumb Code     0  startup_stm32f40_41xxx.o(.text)
    DMA2_Stream3_IRQHandler                  0x08002257   Thumb Code     0  startup_stm32f40_41xxx.o(.text)
    DMA2_Stream4_IRQHandler                  0x08002257   Thumb Code     0  startup_stm32f40_41xxx.o(.text)
    DMA2_Stream5_IRQHandler                  0x08002257   Thumb Code     0  startup_stm32f40_41xxx.o(.text)
    DMA2_Stream6_IRQHandler                  0x08002257   Thumb Code     0  startup_stm32f40_41xxx.o(.text)
    DMA2_Stream7_IRQHandler                  0x08002257   Thumb Code     0  startup_stm32f40_41xxx.o(.text)
    ETH_IRQHandler                           0x08002257   Thumb Code     0  startup_stm32f40_41xxx.o(.text)
    ETH_WKUP_IRQHandler                      0x08002257   Thumb Code     0  startup_stm32f40_41xxx.o(.text)
    EXTI0_IRQHandler                         0x08002257   Thumb Code     0  startup_stm32f40_41xxx.o(.text)
    EXTI15_10_IRQHandler                     0x08002257   Thumb Code     0  startup_stm32f40_41xxx.o(.text)
    EXTI1_IRQHandler                         0x08002257   Thumb Code     0  startup_stm32f40_41xxx.o(.text)
    EXTI2_IRQHandler                         0x08002257   Thumb Code     0  startup_stm32f40_41xxx.o(.text)
    EXTI3_IRQHandler                         0x08002257   Thumb Code     0  startup_stm32f40_41xxx.o(.text)
    EXTI4_IRQHandler                         0x08002257   Thumb Code     0  startup_stm32f40_41xxx.o(.text)
    EXTI9_5_IRQHandler                       0x08002257   Thumb Code     0  startup_stm32f40_41xxx.o(.text)
    FLASH_IRQHandler                         0x08002257   Thumb Code     0  startup_stm32f40_41xxx.o(.text)
    FPU_IRQHandler                           0x08002257   Thumb Code     0  startup_stm32f40_41xxx.o(.text)
    FSMC_IRQHandler                          0x08002257   Thumb Code     0  startup_stm32f40_41xxx.o(.text)
    HASH_RNG_IRQHandler                      0x08002257   Thumb Code     0  startup_stm32f40_41xxx.o(.text)
    I2C1_ER_IRQHandler                       0x08002257   Thumb Code     0  startup_stm32f40_41xxx.o(.text)
    I2C1_EV_IRQHandler                       0x08002257   Thumb Code     0  startup_stm32f40_41xxx.o(.text)
    I2C2_ER_IRQHandler                       0x08002257   Thumb Code     0  startup_stm32f40_41xxx.o(.text)
    I2C2_EV_IRQHandler                       0x08002257   Thumb Code     0  startup_stm32f40_41xxx.o(.text)
    I2C3_ER_IRQHandler                       0x08002257   Thumb Code     0  startup_stm32f40_41xxx.o(.text)
    I2C3_EV_IRQHandler                       0x08002257   Thumb Code     0  startup_stm32f40_41xxx.o(.text)
    OTG_FS_IRQHandler                        0x08002257   Thumb Code     0  startup_stm32f40_41xxx.o(.text)
    OTG_FS_WKUP_IRQHandler                   0x08002257   Thumb Code     0  startup_stm32f40_41xxx.o(.text)
    OTG_HS_EP1_IN_IRQHandler                 0x08002257   Thumb Code     0  startup_stm32f40_41xxx.o(.text)
    OTG_HS_EP1_OUT_IRQHandler                0x08002257   Thumb Code     0  startup_stm32f40_41xxx.o(.text)
    OTG_HS_IRQHandler                        0x08002257   Thumb Code     0  startup_stm32f40_41xxx.o(.text)
    OTG_HS_WKUP_IRQHandler                   0x08002257   Thumb Code     0  startup_stm32f40_41xxx.o(.text)
    PVD_IRQHandler                           0x08002257   Thumb Code     0  startup_stm32f40_41xxx.o(.text)
    RCC_IRQHandler                           0x08002257   Thumb Code     0  startup_stm32f40_41xxx.o(.text)
    RTC_Alarm_IRQHandler                     0x08002257   Thumb Code     0  startup_stm32f40_41xxx.o(.text)
    RTC_WKUP_IRQHandler                      0x08002257   Thumb Code     0  startup_stm32f40_41xxx.o(.text)
    SDIO_IRQHandler                          0x08002257   Thumb Code     0  startup_stm32f40_41xxx.o(.text)
    SPI1_IRQHandler                          0x08002257   Thumb Code     0  startup_stm32f40_41xxx.o(.text)
    SPI2_IRQHandler                          0x08002257   Thumb Code     0  startup_stm32f40_41xxx.o(.text)
    SPI3_IRQHandler                          0x08002257   Thumb Code     0  startup_stm32f40_41xxx.o(.text)
    TAMP_STAMP_IRQHandler                    0x08002257   Thumb Code     0  startup_stm32f40_41xxx.o(.text)
    TIM1_BRK_TIM9_IRQHandler                 0x08002257   Thumb Code     0  startup_stm32f40_41xxx.o(.text)
    TIM1_CC_IRQHandler                       0x08002257   Thumb Code     0  startup_stm32f40_41xxx.o(.text)
    TIM1_TRG_COM_TIM11_IRQHandler            0x08002257   Thumb Code     0  startup_stm32f40_41xxx.o(.text)
    TIM1_UP_TIM10_IRQHandler                 0x08002257   Thumb Code     0  startup_stm32f40_41xxx.o(.text)
    TIM2_IRQHandler                          0x08002257   Thumb Code     0  startup_stm32f40_41xxx.o(.text)
    TIM3_IRQHandler                          0x08002257   Thumb Code     0  startup_stm32f40_41xxx.o(.text)
    TIM4_IRQHandler                          0x08002257   Thumb Code     0  startup_stm32f40_41xxx.o(.text)
    TIM5_IRQHandler                          0x08002257   Thumb Code     0  startup_stm32f40_41xxx.o(.text)
    TIM6_DAC_IRQHandler                      0x08002257   Thumb Code     0  startup_stm32f40_41xxx.o(.text)
    TIM7_IRQHandler                          0x08002257   Thumb Code     0  startup_stm32f40_41xxx.o(.text)
    TIM8_BRK_TIM12_IRQHandler                0x08002257   Thumb Code     0  startup_stm32f40_41xxx.o(.text)
    TIM8_CC_IRQHandler                       0x08002257   Thumb Code     0  startup_stm32f40_41xxx.o(.text)
    TIM8_TRG_COM_TIM14_IRQHandler            0x08002257   Thumb Code     0  startup_stm32f40_41xxx.o(.text)
    TIM8_UP_TIM13_IRQHandler                 0x08002257   Thumb Code     0  startup_stm32f40_41xxx.o(.text)
    UART4_IRQHandler                         0x08002257   Thumb Code     0  startup_stm32f40_41xxx.o(.text)
    UART5_IRQHandler                         0x08002257   Thumb Code     0  startup_stm32f40_41xxx.o(.text)
    USART3_IRQHandler                        0x08002257   Thumb Code     0  startup_stm32f40_41xxx.o(.text)
    USART6_IRQHandler                        0x08002257   Thumb Code     0  startup_stm32f40_41xxx.o(.text)
    WWDG_IRQHandler                          0x08002257   Thumb Code     0  startup_stm32f40_41xxx.o(.text)
    __user_initial_stackheap                 0x08002259   Thumb Code     0  startup_stm32f40_41xxx.o(.text)
    NVIC_PriorityGroupConfig                 0x0800227d   Thumb Code    10  misc.o(.text)
    NVIC_Init                                0x08002287   Thumb Code   106  misc.o(.text)
    NVIC_SetVectorTable                      0x080022f1   Thumb Code    14  misc.o(.text)
    NVIC_SystemLPConfig                      0x080022ff   Thumb Code    34  misc.o(.text)
    SysTick_CLKSourceConfig                  0x08002321   Thumb Code    40  misc.o(.text)
    GPIO_DeInit                              0x0800235d   Thumb Code   268  stm32f4xx_gpio.o(.text)
    GPIO_Init                                0x08002469   Thumb Code   144  stm32f4xx_gpio.o(.text)
    GPIO_StructInit                          0x080024f9   Thumb Code    18  stm32f4xx_gpio.o(.text)
    GPIO_PinLockConfig                       0x0800250b   Thumb Code    34  stm32f4xx_gpio.o(.text)
    GPIO_ReadInputDataBit                    0x0800252d   Thumb Code    18  stm32f4xx_gpio.o(.text)
    GPIO_ReadInputData                       0x0800253f   Thumb Code     8  stm32f4xx_gpio.o(.text)
    GPIO_ReadOutputDataBit                   0x08002547   Thumb Code    18  stm32f4xx_gpio.o(.text)
    GPIO_ReadOutputData                      0x08002559   Thumb Code     8  stm32f4xx_gpio.o(.text)
    GPIO_SetBits                             0x08002561   Thumb Code     4  stm32f4xx_gpio.o(.text)
    GPIO_ResetBits                           0x08002565   Thumb Code     4  stm32f4xx_gpio.o(.text)
    GPIO_WriteBit                            0x08002569   Thumb Code    10  stm32f4xx_gpio.o(.text)
    GPIO_Write                               0x08002573   Thumb Code     4  stm32f4xx_gpio.o(.text)
    GPIO_ToggleBits                          0x08002577   Thumb Code     8  stm32f4xx_gpio.o(.text)
    GPIO_PinAFConfig                         0x0800257f   Thumb Code    70  stm32f4xx_gpio.o(.text)
    RCC_DeInit                               0x080025f1   Thumb Code    82  stm32f4xx_rcc.o(.text)
    RCC_HSEConfig                            0x08002643   Thumb Code    14  stm32f4xx_rcc.o(.text)
    RCC_GetFlagStatus                        0x08002651   Thumb Code    60  stm32f4xx_rcc.o(.text)
    RCC_WaitForHSEStartUp                    0x0800268d   Thumb Code    56  stm32f4xx_rcc.o(.text)
    RCC_AdjustHSICalibrationValue            0x080026c5   Thumb Code    20  stm32f4xx_rcc.o(.text)
    RCC_HSICmd                               0x080026d9   Thumb Code     6  stm32f4xx_rcc.o(.text)
    RCC_LSEConfig                            0x080026df   Thumb Code    46  stm32f4xx_rcc.o(.text)
    RCC_LSICmd                               0x0800270d   Thumb Code     6  stm32f4xx_rcc.o(.text)
    RCC_PLLConfig                            0x08002713   Thumb Code    32  stm32f4xx_rcc.o(.text)
    RCC_PLLCmd                               0x08002733   Thumb Code     6  stm32f4xx_rcc.o(.text)
    RCC_PLLI2SConfig                         0x08002739   Thumb Code    14  stm32f4xx_rcc.o(.text)
    RCC_PLLI2SCmd                            0x08002747   Thumb Code     6  stm32f4xx_rcc.o(.text)
    RCC_PLLSAIConfig                         0x0800274d   Thumb Code    20  stm32f4xx_rcc.o(.text)
    RCC_PLLSAICmd                            0x08002761   Thumb Code     6  stm32f4xx_rcc.o(.text)
    RCC_ClockSecuritySystemCmd               0x08002767   Thumb Code     6  stm32f4xx_rcc.o(.text)
    RCC_MCO1Config                           0x0800276d   Thumb Code    28  stm32f4xx_rcc.o(.text)
    RCC_MCO2Config                           0x08002789   Thumb Code    28  stm32f4xx_rcc.o(.text)
    RCC_SYSCLKConfig                         0x080027a5   Thumb Code    20  stm32f4xx_rcc.o(.text)
    RCC_GetSYSCLKSource                      0x080027b9   Thumb Code    12  stm32f4xx_rcc.o(.text)
    RCC_HCLKConfig                           0x080027c5   Thumb Code    20  stm32f4xx_rcc.o(.text)
    RCC_PCLK1Config                          0x080027d9   Thumb Code    20  stm32f4xx_rcc.o(.text)
    RCC_PCLK2Config                          0x080027ed   Thumb Code    22  stm32f4xx_rcc.o(.text)
    RCC_GetClocksFreq                        0x08002803   Thumb Code   222  stm32f4xx_rcc.o(.text)
    RCC_RTCCLKConfig                         0x080028e1   Thumb Code    54  stm32f4xx_rcc.o(.text)
    RCC_RTCCLKCmd                            0x08002917   Thumb Code     8  stm32f4xx_rcc.o(.text)
    RCC_BackupResetCmd                       0x0800291f   Thumb Code     8  stm32f4xx_rcc.o(.text)
    RCC_I2SCLKConfig                         0x08002927   Thumb Code     6  stm32f4xx_rcc.o(.text)
    RCC_SAIPLLI2SClkDivConfig                0x0800292d   Thumb Code    26  stm32f4xx_rcc.o(.text)
    RCC_SAIPLLSAIClkDivConfig                0x08002947   Thumb Code    28  stm32f4xx_rcc.o(.text)
    RCC_SAIBlockACLKConfig                   0x08002963   Thumb Code    20  stm32f4xx_rcc.o(.text)
    RCC_SAIBlockBCLKConfig                   0x08002977   Thumb Code    20  stm32f4xx_rcc.o(.text)
    RCC_LTDCCLKDivConfig                     0x0800298b   Thumb Code    20  stm32f4xx_rcc.o(.text)
    RCC_TIMCLKPresConfig                     0x0800299f   Thumb Code     6  stm32f4xx_rcc.o(.text)
    RCC_AHB1PeriphClockCmd                   0x080029a5   Thumb Code    34  stm32f4xx_rcc.o(.text)
    RCC_AHB2PeriphClockCmd                   0x080029c7   Thumb Code    78  stm32f4xx_rcc.o(.text)
    RCC_AHB3PeriphClockCmd                   0x08002a15   Thumb Code    34  stm32f4xx_rcc.o(.text)
    RCC_APB1PeriphClockCmd                   0x08002a37   Thumb Code    34  stm32f4xx_rcc.o(.text)
    RCC_APB2PeriphClockCmd                   0x08002a59   Thumb Code    34  stm32f4xx_rcc.o(.text)
    RCC_AHB1PeriphResetCmd                   0x08002a7b   Thumb Code    34  stm32f4xx_rcc.o(.text)
    RCC_AHB2PeriphResetCmd                   0x08002a9d   Thumb Code    34  stm32f4xx_rcc.o(.text)
    RCC_AHB3PeriphResetCmd                   0x08002abf   Thumb Code    34  stm32f4xx_rcc.o(.text)
    RCC_APB1PeriphResetCmd                   0x08002ae1   Thumb Code    34  stm32f4xx_rcc.o(.text)
    RCC_APB2PeriphResetCmd                   0x08002b03   Thumb Code    34  stm32f4xx_rcc.o(.text)
    RCC_AHB1PeriphClockLPModeCmd             0x08002b25   Thumb Code    34  stm32f4xx_rcc.o(.text)
    RCC_AHB2PeriphClockLPModeCmd             0x08002b47   Thumb Code    34  stm32f4xx_rcc.o(.text)
    RCC_AHB3PeriphClockLPModeCmd             0x08002b69   Thumb Code    34  stm32f4xx_rcc.o(.text)
    RCC_APB1PeriphClockLPModeCmd             0x08002b8b   Thumb Code    34  stm32f4xx_rcc.o(.text)
    RCC_APB2PeriphClockLPModeCmd             0x08002bad   Thumb Code    34  stm32f4xx_rcc.o(.text)
    RCC_LSEModeConfig                        0x08002bcf   Thumb Code    40  stm32f4xx_rcc.o(.text)
    RCC_ITConfig                             0x08002bf7   Thumb Code    34  stm32f4xx_rcc.o(.text)
    RCC_ClearFlag                            0x08002c19   Thumb Code    18  stm32f4xx_rcc.o(.text)
    RCC_GetITStatus                          0x08002c2b   Thumb Code    22  stm32f4xx_rcc.o(.text)
    RCC_ClearITPendingBit                    0x08002c41   Thumb Code     8  stm32f4xx_rcc.o(.text)
    USART_DeInit                             0x08002c4d   Thumb Code   206  stm32f4xx_usart.o(.text)
    USART_Init                               0x08002d1b   Thumb Code   204  stm32f4xx_usart.o(.text)
    USART_StructInit                         0x08002de7   Thumb Code    24  stm32f4xx_usart.o(.text)
    USART_ClockInit                          0x08002dff   Thumb Code    32  stm32f4xx_usart.o(.text)
    USART_ClockStructInit                    0x08002e1f   Thumb Code    12  stm32f4xx_usart.o(.text)
    USART_Cmd                                0x08002e2b   Thumb Code    24  stm32f4xx_usart.o(.text)
    USART_SetPrescaler                       0x08002e43   Thumb Code    16  stm32f4xx_usart.o(.text)
    USART_OverSampling8Cmd                   0x08002e53   Thumb Code    22  stm32f4xx_usart.o(.text)
    USART_OneBitMethodCmd                    0x08002e69   Thumb Code    24  stm32f4xx_usart.o(.text)
    USART_SendData                           0x08002e81   Thumb Code     8  stm32f4xx_usart.o(.text)
    USART_ReceiveData                        0x08002e89   Thumb Code    10  stm32f4xx_usart.o(.text)
    USART_SetAddress                         0x08002e93   Thumb Code    18  stm32f4xx_usart.o(.text)
    USART_ReceiverWakeUpCmd                  0x08002ea5   Thumb Code    24  stm32f4xx_usart.o(.text)
    USART_WakeUpConfig                       0x08002ebd   Thumb Code    18  stm32f4xx_usart.o(.text)
    USART_LINBreakDetectLengthConfig         0x08002ecf   Thumb Code    18  stm32f4xx_usart.o(.text)
    USART_LINCmd                             0x08002ee1   Thumb Code    24  stm32f4xx_usart.o(.text)
    USART_SendBreak                          0x08002ef9   Thumb Code    10  stm32f4xx_usart.o(.text)
    USART_HalfDuplexCmd                      0x08002f03   Thumb Code    24  stm32f4xx_usart.o(.text)
    USART_SetGuardTime                       0x08002f1b   Thumb Code    16  stm32f4xx_usart.o(.text)
    USART_SmartCardCmd                       0x08002f2b   Thumb Code    24  stm32f4xx_usart.o(.text)
    USART_SmartCardNACKCmd                   0x08002f43   Thumb Code    24  stm32f4xx_usart.o(.text)
    USART_IrDAConfig                         0x08002f5b   Thumb Code    18  stm32f4xx_usart.o(.text)
    USART_IrDACmd                            0x08002f6d   Thumb Code    24  stm32f4xx_usart.o(.text)
    USART_DMACmd                             0x08002f85   Thumb Code    18  stm32f4xx_usart.o(.text)
    USART_ITConfig                           0x08002f97   Thumb Code    74  stm32f4xx_usart.o(.text)
    USART_GetFlagStatus                      0x08002fe1   Thumb Code    26  stm32f4xx_usart.o(.text)
    USART_ClearFlag                          0x08002ffb   Thumb Code    18  stm32f4xx_usart.o(.text)
    USART_GetITStatus                        0x0800300d   Thumb Code   118  stm32f4xx_usart.o(.text)
    USART_ClearITPendingBit                  0x08003083   Thumb Code    30  stm32f4xx_usart.o(.text)
    ADC_DeInit                               0x080030a1   Thumb Code    22  stm32f4xx_adc.o(.text)
    ADC_Init                                 0x080030b7   Thumb Code    74  stm32f4xx_adc.o(.text)
    ADC_StructInit                           0x08003101   Thumb Code    20  stm32f4xx_adc.o(.text)
    ADC_CommonInit                           0x08003115   Thumb Code    34  stm32f4xx_adc.o(.text)
    ADC_CommonStructInit                     0x08003137   Thumb Code    12  stm32f4xx_adc.o(.text)
    ADC_Cmd                                  0x08003143   Thumb Code    22  stm32f4xx_adc.o(.text)
    ADC_AnalogWatchdogCmd                    0x08003159   Thumb Code    16  stm32f4xx_adc.o(.text)
    ADC_AnalogWatchdogThresholdsConfig       0x08003169   Thumb Code     6  stm32f4xx_adc.o(.text)
    ADC_AnalogWatchdogSingleChannelConfig    0x0800316f   Thumb Code    16  stm32f4xx_adc.o(.text)
    ADC_TempSensorVrefintCmd                 0x0800317f   Thumb Code    34  stm32f4xx_adc.o(.text)
    ADC_VBATCmd                              0x080031a1   Thumb Code    34  stm32f4xx_adc.o(.text)
    ADC_RegularChannelConfig                 0x080031c3   Thumb Code   184  stm32f4xx_adc.o(.text)
    ADC_SoftwareStartConv                    0x0800327b   Thumb Code    10  stm32f4xx_adc.o(.text)
    ADC_GetSoftwareStartConvStatus           0x08003285   Thumb Code    20  stm32f4xx_adc.o(.text)
    ADC_EOCOnEachRegularChannelCmd           0x08003299   Thumb Code    22  stm32f4xx_adc.o(.text)
    ADC_ContinuousModeCmd                    0x080032af   Thumb Code    22  stm32f4xx_adc.o(.text)
    ADC_DiscModeChannelCountConfig           0x080032c5   Thumb Code    24  stm32f4xx_adc.o(.text)
    ADC_DiscModeCmd                          0x080032dd   Thumb Code    22  stm32f4xx_adc.o(.text)
    ADC_GetConversionValue                   0x080032f3   Thumb Code     8  stm32f4xx_adc.o(.text)
    ADC_GetMultiModeConversionValue          0x080032fb   Thumb Code     8  stm32f4xx_adc.o(.text)
    ADC_DMACmd                               0x08003303   Thumb Code    22  stm32f4xx_adc.o(.text)
    ADC_DMARequestAfterLastTransferCmd       0x08003319   Thumb Code    22  stm32f4xx_adc.o(.text)
    ADC_MultiModeDMARequestAfterLastTransferCmd 0x0800332f   Thumb Code    34  stm32f4xx_adc.o(.text)
    ADC_InjectedChannelConfig                0x08003351   Thumb Code   130  stm32f4xx_adc.o(.text)
    ADC_InjectedSequencerLengthConfig        0x080033d3   Thumb Code    24  stm32f4xx_adc.o(.text)
    ADC_SetInjectedOffset                    0x080033eb   Thumb Code    20  stm32f4xx_adc.o(.text)
    ADC_ExternalTrigInjectedConvConfig       0x080033ff   Thumb Code    16  stm32f4xx_adc.o(.text)
    ADC_ExternalTrigInjectedConvEdgeConfig   0x0800340f   Thumb Code    16  stm32f4xx_adc.o(.text)
    ADC_SoftwareStartInjectedConv            0x0800341f   Thumb Code    10  stm32f4xx_adc.o(.text)
    ADC_GetSoftwareStartInjectedConvCmdStatus 0x08003429   Thumb Code    20  stm32f4xx_adc.o(.text)
    ADC_AutoInjectedConvCmd                  0x0800343d   Thumb Code    22  stm32f4xx_adc.o(.text)
    ADC_InjectedDiscModeCmd                  0x08003453   Thumb Code    22  stm32f4xx_adc.o(.text)
    ADC_GetInjectedConversionValue           0x08003469   Thumb Code    28  stm32f4xx_adc.o(.text)
    ADC_ITConfig                             0x08003485   Thumb Code    56  stm32f4xx_adc.o(.text)
    ADC_GetFlagStatus                        0x080034bd   Thumb Code    18  stm32f4xx_adc.o(.text)
    ADC_ClearFlag                            0x080034cf   Thumb Code     6  stm32f4xx_adc.o(.text)
    ADC_GetITStatus                          0x080034d5   Thumb Code    38  stm32f4xx_adc.o(.text)
    ADC_ClearITPendingBit                    0x080034fb   Thumb Code    10  stm32f4xx_adc.o(.text)
    TIM_DeInit                               0x08003505   Thumb Code   346  stm32f4xx_tim.o(.text)
    TIM_TimeBaseInit                         0x0800365f   Thumb Code   104  stm32f4xx_tim.o(.text)
    TIM_TimeBaseStructInit                   0x080036c7   Thumb Code    18  stm32f4xx_tim.o(.text)
    TIM_PrescalerConfig                      0x080036d9   Thumb Code     6  stm32f4xx_tim.o(.text)
    TIM_CounterModeConfig                    0x080036df   Thumb Code    18  stm32f4xx_tim.o(.text)
    TIM_SetCounter                           0x080036f1   Thumb Code     4  stm32f4xx_tim.o(.text)
    TIM_SetAutoreload                        0x080036f5   Thumb Code     4  stm32f4xx_tim.o(.text)
    TIM_GetCounter                           0x080036f9   Thumb Code     6  stm32f4xx_tim.o(.text)
    TIM_GetPrescaler                         0x080036ff   Thumb Code     6  stm32f4xx_tim.o(.text)
    TIM_UpdateDisableConfig                  0x08003705   Thumb Code    24  stm32f4xx_tim.o(.text)
    TIM_UpdateRequestConfig                  0x0800371d   Thumb Code    24  stm32f4xx_tim.o(.text)
    TIM_ARRPreloadConfig                     0x08003735   Thumb Code    24  stm32f4xx_tim.o(.text)
    TIM_SelectOnePulseMode                   0x0800374d   Thumb Code    18  stm32f4xx_tim.o(.text)
    TIM_SetClockDivision                     0x0800375f   Thumb Code    18  stm32f4xx_tim.o(.text)
    TIM_Cmd                                  0x08003771   Thumb Code    24  stm32f4xx_tim.o(.text)
    TIM_OC1Init                              0x08003789   Thumb Code   114  stm32f4xx_tim.o(.text)
    TIM_OC2Init                              0x080037fb   Thumb Code   154  stm32f4xx_tim.o(.text)
    TIM_OC3Init                              0x08003895   Thumb Code   204  stm32f4xx_tim.o(.text)
    TIM_OC4Init                              0x08003961   Thumb Code   112  stm32f4xx_tim.o(.text)
    TIM_OCStructInit                         0x080039d1   Thumb Code    20  stm32f4xx_tim.o(.text)
    TIM_SelectOCxM                           0x080039e5   Thumb Code    86  stm32f4xx_tim.o(.text)
    TIM_SetCompare1                          0x08003a3b   Thumb Code     4  stm32f4xx_tim.o(.text)
    TIM_SetCompare2                          0x08003a3f   Thumb Code     4  stm32f4xx_tim.o(.text)
    TIM_SetCompare3                          0x08003a43   Thumb Code     4  stm32f4xx_tim.o(.text)
    TIM_SetCompare4                          0x08003a47   Thumb Code     4  stm32f4xx_tim.o(.text)
    TIM_ForcedOC1Config                      0x08003a4b   Thumb Code    18  stm32f4xx_tim.o(.text)
    TIM_ForcedOC2Config                      0x08003a5d   Thumb Code    26  stm32f4xx_tim.o(.text)
    TIM_ForcedOC3Config                      0x08003a77   Thumb Code    18  stm32f4xx_tim.o(.text)
    TIM_ForcedOC4Config                      0x08003a89   Thumb Code    26  stm32f4xx_tim.o(.text)
    TIM_OC1PreloadConfig                     0x08003aa3   Thumb Code    18  stm32f4xx_tim.o(.text)
    TIM_OC2PreloadConfig                     0x08003ab5   Thumb Code    26  stm32f4xx_tim.o(.text)
    TIM_OC3PreloadConfig                     0x08003acf   Thumb Code    18  stm32f4xx_tim.o(.text)
    TIM_OC4PreloadConfig                     0x08003ae1   Thumb Code    26  stm32f4xx_tim.o(.text)
    TIM_OC1FastConfig                        0x08003afb   Thumb Code    18  stm32f4xx_tim.o(.text)
    TIM_OC2FastConfig                        0x08003b0d   Thumb Code    26  stm32f4xx_tim.o(.text)
    TIM_OC3FastConfig                        0x08003b27   Thumb Code    18  stm32f4xx_tim.o(.text)
    TIM_OC4FastConfig                        0x08003b39   Thumb Code    26  stm32f4xx_tim.o(.text)
    TIM_ClearOC1Ref                          0x08003b53   Thumb Code    18  stm32f4xx_tim.o(.text)
    TIM_ClearOC2Ref                          0x08003b65   Thumb Code    24  stm32f4xx_tim.o(.text)
    TIM_ClearOC3Ref                          0x08003b7d   Thumb Code    18  stm32f4xx_tim.o(.text)
    TIM_ClearOC4Ref                          0x08003b8f   Thumb Code    24  stm32f4xx_tim.o(.text)
    TIM_OC1PolarityConfig                    0x08003ba7   Thumb Code    18  stm32f4xx_tim.o(.text)
    TIM_OC1NPolarityConfig                   0x08003bb9   Thumb Code    18  stm32f4xx_tim.o(.text)
    TIM_OC2PolarityConfig                    0x08003bcb   Thumb Code    26  stm32f4xx_tim.o(.text)
    TIM_OC2NPolarityConfig                   0x08003be5   Thumb Code    26  stm32f4xx_tim.o(.text)
    TIM_OC3PolarityConfig                    0x08003bff   Thumb Code    26  stm32f4xx_tim.o(.text)
    TIM_OC3NPolarityConfig                   0x08003c19   Thumb Code    26  stm32f4xx_tim.o(.text)
    TIM_OC4PolarityConfig                    0x08003c33   Thumb Code    26  stm32f4xx_tim.o(.text)
    TIM_CCxCmd                               0x08003c4d   Thumb Code    30  stm32f4xx_tim.o(.text)
    TIM_CCxNCmd                              0x08003c6b   Thumb Code    30  stm32f4xx_tim.o(.text)
    TIM_SetIC4Prescaler                      0x08003c89   Thumb Code    26  stm32f4xx_tim.o(.text)
    TIM_SetIC3Prescaler                      0x08003cf3   Thumb Code    18  stm32f4xx_tim.o(.text)
    TIM_SetIC2Prescaler                      0x08003d4d   Thumb Code    26  stm32f4xx_tim.o(.text)
    TIM_SetIC1Prescaler                      0x08003dc1   Thumb Code    18  stm32f4xx_tim.o(.text)
    TIM_ICInit                               0x08003e0d   Thumb Code   110  stm32f4xx_tim.o(.text)
    TIM_ICStructInit                         0x08003e7b   Thumb Code    18  stm32f4xx_tim.o(.text)
    TIM_PWMIConfig                           0x08003e8d   Thumb Code   124  stm32f4xx_tim.o(.text)
    TIM_GetCapture1                          0x08003f09   Thumb Code     6  stm32f4xx_tim.o(.text)
    TIM_GetCapture2                          0x08003f0f   Thumb Code     6  stm32f4xx_tim.o(.text)
    TIM_GetCapture3                          0x08003f15   Thumb Code     6  stm32f4xx_tim.o(.text)
    TIM_GetCapture4                          0x08003f1b   Thumb Code     6  stm32f4xx_tim.o(.text)
    TIM_BDTRConfig                           0x08003f21   Thumb Code    32  stm32f4xx_tim.o(.text)
    TIM_BDTRStructInit                       0x08003f41   Thumb Code    18  stm32f4xx_tim.o(.text)
    TIM_CtrlPWMOutputs                       0x08003f53   Thumb Code    30  stm32f4xx_tim.o(.text)
    TIM_SelectCOM                            0x08003f71   Thumb Code    24  stm32f4xx_tim.o(.text)
    TIM_CCPreloadControl                     0x08003f89   Thumb Code    24  stm32f4xx_tim.o(.text)
    TIM_ITConfig                             0x08003fa1   Thumb Code    18  stm32f4xx_tim.o(.text)
    TIM_GenerateEvent                        0x08003fb3   Thumb Code     4  stm32f4xx_tim.o(.text)
    TIM_GetFlagStatus                        0x08003fb7   Thumb Code    18  stm32f4xx_tim.o(.text)
    TIM_ClearFlag                            0x08003fc9   Thumb Code     6  stm32f4xx_tim.o(.text)
    TIM_GetITStatus                          0x08003fcf   Thumb Code    34  stm32f4xx_tim.o(.text)
    TIM_ClearITPendingBit                    0x08003ff1   Thumb Code     6  stm32f4xx_tim.o(.text)
    TIM_DMAConfig                            0x08003ff7   Thumb Code    10  stm32f4xx_tim.o(.text)
    TIM_DMACmd                               0x08004001   Thumb Code    18  stm32f4xx_tim.o(.text)
    TIM_SelectCCDMA                          0x08004013   Thumb Code    24  stm32f4xx_tim.o(.text)
    TIM_InternalClockConfig                  0x0800402b   Thumb Code    12  stm32f4xx_tim.o(.text)
    TIM_SelectInputTrigger                   0x08004037   Thumb Code    18  stm32f4xx_tim.o(.text)
    TIM_ITRxExternalClockConfig              0x08004049   Thumb Code    24  stm32f4xx_tim.o(.text)
    TIM_TIxExternalClockConfig               0x08004061   Thumb Code    62  stm32f4xx_tim.o(.text)
    TIM_ETRConfig                            0x0800409f   Thumb Code    28  stm32f4xx_tim.o(.text)
    TIM_ETRClockMode1Config                  0x080040bb   Thumb Code    54  stm32f4xx_tim.o(.text)
    TIM_ETRClockMode2Config                  0x080040f1   Thumb Code    32  stm32f4xx_tim.o(.text)
    TIM_SelectOutputTrigger                  0x08004111   Thumb Code    18  stm32f4xx_tim.o(.text)
    TIM_SelectSlaveMode                      0x08004123   Thumb Code    18  stm32f4xx_tim.o(.text)
    TIM_SelectMasterSlaveMode                0x08004135   Thumb Code    18  stm32f4xx_tim.o(.text)
    TIM_EncoderInterfaceConfig               0x08004147   Thumb Code    66  stm32f4xx_tim.o(.text)
    TIM_SelectHallSensor                     0x08004189   Thumb Code    24  stm32f4xx_tim.o(.text)
    TIM_RemapConfig                          0x080041a1   Thumb Code     6  stm32f4xx_tim.o(.text)
    SysTick_Handler                          0x080041a9   Thumb Code    16  delay.o(.text)
    delay_init                               0x080041b9   Thumb Code    76  delay.o(.text)
    delay_us                                 0x08004205   Thumb Code    86  delay.o(.text)
    delay_ms                                 0x0800425b   Thumb Code    68  delay.o(.text)
    Delay                                    0x0800429f   Thumb Code    68  delay.o(.text)
    fputc                                    0x080042f5   Thumb Code    40  usart.o(.text)
    _sys_exit                                0x0800431d   Thumb Code     2  usart.o(.text)
    _ttywrch                                 0x0800431f   Thumb Code     4  usart.o(.text)
    usart1_init                              0x08004323   Thumb Code   138  usart.o(.text)
    usart2_init                              0x080043ad   Thumb Code   136  usart.o(.text)
    usart_send_str                           0x08004435   Thumb Code    50  usart.o(.text)
    usart_send_bytes                         0x08004467   Thumb Code    58  usart.o(.text)
    usart_send_hexbytes                      0x080044a1   Thumb Code    48  usart.o(.text)
    USART1_IRQHandler                        0x080044d1   Thumb Code    68  usart.o(.text)
    USART2_IRQHandler                        0x08004515   Thumb Code    68  usart.o(.text)
    OS_TaskStatStkChk                        0x0800458d   Thumb Code    54  os_core.o(.text)
    OS_TaskStat                              0x080045c3   Thumb Code   116  os_core.o(.text)
    OS_TaskIdle                              0x0800466b   Thumb Code    34  os_core.o(.text)
    OS_MemClr                                0x080046c1   Thumb Code    18  os_core.o(.text)
    OSInit                                   0x080047e1   Thumb Code    44  os_core.o(.text)
    OSIntEnter                               0x0800480d   Thumb Code    28  os_core.o(.text)
    OSIntExit                                0x08004843   Thumb Code   112  os_core.o(.text)
    OSSchedLock                              0x080048b3   Thumb Code    50  os_core.o(.text)
    OS_Sched                                 0x080048e5   Thumb Code    88  os_core.o(.text)
    OSSchedUnlock                            0x0800493d   Thumb Code   236  os_core.o(.text)
    OSStart                                  0x08004a29   Thumb Code    48  os_core.o(.text)
    OSStatInit                               0x08004a59   Thumb Code    62  os_core.o(.text)
    OSTimeTick                               0x08004a97   Thumb Code   210  os_core.o(.text)
    OSVersion                                0x08004b69   Thumb Code     6  os_core.o(.text)
    OS_Dummy                                 0x08004b6f   Thumb Code     2  os_core.o(.text)
    OS_EventTaskRemove                       0x08004b71   Thumb Code    42  os_core.o(.text)
    OS_EventTaskRdy                          0x08004b9b   Thumb Code   114  os_core.o(.text)
    OS_EventTaskWait                         0x08004c0d   Thumb Code   112  os_core.o(.text)
    OS_EventWaitListInit                     0x08004c7d   Thumb Code    28  os_core.o(.text)
    OS_MemCopy                               0x08004c99   Thumb Code    20  os_core.o(.text)
    OS_StrLen                                0x08004cad   Thumb Code    20  os_core.o(.text)
    OS_TCBInit                               0x08004cc1   Thumb Code   280  os_core.o(.text)
    OSFlagAccept                             0x08004e1d   Thumb Code   252  os_flag.o(.text)
    OSFlagCreate                             0x08004f19   Thumb Code    86  os_flag.o(.text)
    OS_FlagUnlink                            0x08004f6f   Thumb Code    36  os_flag.o(.text)
    OSFlagDel                                0x08004fe5   Thumb Code   214  os_flag.o(.text)
    OSFlagNameGet                            0x080050bb   Thumb Code    80  os_flag.o(.text)
    OSFlagNameSet                            0x0800510b   Thumb Code    66  os_flag.o(.text)
    OSFlagPend                               0x080051e5   Thumb Code   614  os_flag.o(.text)
    OSFlagPendGetFlagsRdy                    0x0800544b   Thumb Code    26  os_flag.o(.text)
    OSFlagPost                               0x08005465   Thumb Code   312  os_flag.o(.text)
    OSFlagQuery                              0x0800559d   Thumb Code    48  os_flag.o(.text)
    OS_FlagInit                              0x080055cd   Thumb Code    80  os_flag.o(.text)
    OSQAccept                                0x08005629   Thumb Code    88  os_q.o(.text)
    OSQCreate                                0x08005681   Thumb Code   140  os_q.o(.text)
    OSQDel                                   0x0800570d   Thumb Code   236  os_q.o(.text)
    OSQFlush                                 0x080057f9   Thumb Code    36  os_q.o(.text)
    OSQPend                                  0x0800581d   Thumb Code   272  os_q.o(.text)
    OSQPendAbort                             0x0800592d   Thumb Code   128  os_q.o(.text)
    OSQPost                                  0x080059ad   Thumb Code   114  os_q.o(.text)
    OSQPostFront                             0x08005a1f   Thumb Code   136  os_q.o(.text)
    OSQPostOpt                               0x08005aa7   Thumb Code   182  os_q.o(.text)
    OSQQuery                                 0x08005b5d   Thumb Code    98  os_q.o(.text)
    OS_QInit                                 0x08005bbf   Thumb Code    74  os_q.o(.text)
    OSTaskChangePrio                         0x08005c11   Thumb Code   308  os_task.o(.text)
    OSTaskCreate                             0x08005d45   Thumb Code   148  os_task.o(.text)
    OS_TaskStkClr                            0x08005dd9   Thumb Code    26  os_task.o(.text)
    OSTaskCreateExt                          0x08005df3   Thumb Code   170  os_task.o(.text)
    OSTaskDel                                0x08005e9d   Thumb Code   294  os_task.o(.text)
    OSTaskDelReq                             0x08005fc3   Thumb Code   144  os_task.o(.text)
    OSTaskNameGet                            0x08006053   Thumb Code   114  os_task.o(.text)
    OSTaskNameSet                            0x080060c5   Thumb Code    98  os_task.o(.text)
    OSTaskResume                             0x08006127   Thumb Code   154  os_task.o(.text)
    OSTaskStkChk                             0x080061c1   Thumb Code   132  os_task.o(.text)
    OSTaskSuspend                            0x08006245   Thumb Code   152  os_task.o(.text)
    OSTaskQuery                              0x080062dd   Thumb Code    82  os_task.o(.text)
    OSTaskRegGet                             0x0800632f   Thumb Code    60  os_task.o(.text)
    OSTaskRegSet                             0x0800636b   Thumb Code    62  os_task.o(.text)
    OS_TaskReturn                            0x080063a9   Thumb Code    18  os_task.o(.text)
    OSTimeDly                                0x080063d5   Thumb Code   100  os_time.o(.text)
    OSTimeDlyHMSM                            0x08006439   Thumb Code    86  os_time.o(.text)
    OSTimeDlyResume                          0x0800648f   Thumb Code   168  os_time.o(.text)
    OSTimeGet                                0x08006537   Thumb Code    24  os_time.o(.text)
    OSTimeSet                                0x0800654f   Thumb Code    24  os_time.o(.text)
    OS_CPU_SR_Save                           0x08006585   Thumb Code     0  os_cpu_a.o(.text)
    OS_CPU_SR_Restore                        0x0800658d   Thumb Code     0  os_cpu_a.o(.text)
    OSStartHighRdy                           0x08006593   Thumb Code     0  os_cpu_a.o(.text)
    OSCtxSw                                  0x080065b7   Thumb Code     0  os_cpu_a.o(.text)
    OSIntCtxSw                               0x080065c5   Thumb Code     0  os_cpu_a.o(.text)
    PendSV_Handler                           0x080065d5   Thumb Code     0  os_cpu_a.o(.text)
    OSInitHookBegin                          0x0800664d   Thumb Code     2  os_cpu_c.o(.text)
    OSInitHookEnd                            0x0800664f   Thumb Code     2  os_cpu_c.o(.text)
    OSTaskCreateHook                         0x08006651   Thumb Code     2  os_cpu_c.o(.text)
    OSTaskDelHook                            0x08006653   Thumb Code     2  os_cpu_c.o(.text)
    OSTaskIdleHook                           0x08006655   Thumb Code     2  os_cpu_c.o(.text)
    OSTaskStatHook                           0x08006657   Thumb Code     2  os_cpu_c.o(.text)
    OSTaskStkInit                            0x08006659   Thumb Code   424  os_cpu_c.o(.text)
    OSTaskSwHook                             0x08006801   Thumb Code     2  os_cpu_c.o(.text)
    OSTCBInitHook                            0x08006803   Thumb Code     2  os_cpu_c.o(.text)
    OSTimeTickHook                           0x08006805   Thumb Code     2  os_cpu_c.o(.text)
    OSTaskReturnHook                         0x08006807   Thumb Code     2  os_cpu_c.o(.text)
    __I$use$semihosting                      0x0800680d   Thumb Code     0  use_no_semi.o(.text)
    __use_no_semihosting_swi                 0x0800680d   Thumb Code     2  use_no_semi.o(.text)
    __2printf                                0x08006811   Thumb Code    20  noretval__2printf.o(.text)
    __2sprintf                               0x08006829   Thumb Code    34  noretval__2sprintf.o(.text)
    __printf                                 0x08006851   Thumb Code   104  __printf.o(.text)
    _printf_str                              0x080068b9   Thumb Code    82  _printf_str.o(.text)
    _printf_int_dec                          0x0800690d   Thumb Code   104  _printf_dec.o(.text)
    strstr                                   0x08006985   Thumb Code    36  strstr.o(.text)
    strcat                                   0x080069a9   Thumb Code    24  strcat.o(.text)
    __aeabi_memclr                           0x080069c1   Thumb Code     0  rt_memclr.o(.text)
    __rt_memclr                              0x080069c1   Thumb Code    68  rt_memclr.o(.text)
    _memset                                  0x080069c5   Thumb Code     0  rt_memclr.o(.text)
    __aeabi_memclr4                          0x08006a05   Thumb Code     0  rt_memclr_w.o(.text)
    __aeabi_memclr8                          0x08006a05   Thumb Code     0  rt_memclr_w.o(.text)
    __rt_memclr_w                            0x08006a05   Thumb Code    78  rt_memclr_w.o(.text)
    _memset_w                                0x08006a09   Thumb Code     0  rt_memclr_w.o(.text)
    __use_two_region_memory                  0x08006a53   Thumb Code     2  heapauxi.o(.text)
    __rt_heap_escrow$2region                 0x08006a55   Thumb Code     2  heapauxi.o(.text)
    __rt_heap_expand$2region                 0x08006a57   Thumb Code     2  heapauxi.o(.text)
    __read_errno                             0x08006a59   Thumb Code    10  _rserrno.o(.text)
    __set_errno                              0x08006a63   Thumb Code    12  _rserrno.o(.text)
    _printf_int_common                       0x08006a6f   Thumb Code   178  _printf_intcommon.o(.text)
    __lib_sel_fp_printf                      0x08006b21   Thumb Code     2  _printf_fp_dec.o(.text)
    _printf_fp_dec_real                      0x08006ccf   Thumb Code   620  _printf_fp_dec.o(.text)
    _printf_char_common                      0x08006f47   Thumb Code    32  _printf_char_common.o(.text)
    _sputc                                   0x08006f6d   Thumb Code    10  _sputc.o(.text)
    _printf_cs_common                        0x08006f77   Thumb Code    20  _printf_char.o(.text)
    _printf_char                             0x08006f8b   Thumb Code    16  _printf_char.o(.text)
    _printf_string                           0x08006f9b   Thumb Code     8  _printf_char.o(.text)
    _printf_char_file                        0x08006fa5   Thumb Code    32  _printf_char_file.o(.text)
    __rt_locale                              0x08006fc9   Thumb Code     8  rt_locale_intlibspace.o(.text)
    __aeabi_errno_addr                       0x08006fd1   Thumb Code     8  rt_errno_addr_intlibspace.o(.text)
    __errno$intlibspace                      0x08006fd1   Thumb Code     0  rt_errno_addr_intlibspace.o(.text)
    __rt_errno_addr$intlibspace              0x08006fd1   Thumb Code     0  rt_errno_addr_intlibspace.o(.text)
    _ll_udiv10                               0x08006fd9   Thumb Code   138  lludiv10.o(.text)
    _printf_fp_infnan                        0x08007065   Thumb Code   112  _printf_fp_infnan.o(.text)
    _btod_etento                             0x080070e5   Thumb Code   216  bigflt0.o(.text)
    ferror                                   0x080071c1   Thumb Code     8  ferror.o(.text)
    __user_libspace                          0x080071c9   Thumb Code     8  libspace.o(.text)
    __user_perproc_libspace                  0x080071c9   Thumb Code     0  libspace.o(.text)
    __user_perthread_libspace                0x080071c9   Thumb Code     0  libspace.o(.text)
    __user_setup_stackheap                   0x080071d1   Thumb Code    74  sys_stackheap_outer.o(.text)
    exit                                     0x0800721b   Thumb Code    12  exit.o(.text)
    strcmp                                   0x08007229   Thumb Code   128  strcmpv7m.o(.text)
    _btod_d2e                                0x080072a9   Thumb Code    62  btod.o(CL$$btod_d2e)
    _d2e_denorm_low                          0x080072e7   Thumb Code    70  btod.o(CL$$btod_d2e_denorm_low)
    _d2e_norm_op1                            0x0800732d   Thumb Code    96  btod.o(CL$$btod_d2e_norm_op1)
    __btod_div_common                        0x0800738d   Thumb Code   696  btod.o(CL$$btod_div_common)
    _e2e                                     0x080076c5   Thumb Code   198  btod.o(CL$$btod_e2e)
    _btod_ediv                               0x0800778b   Thumb Code    40  btod.o(CL$$btod_ediv)
    _btod_emul                               0x080077b3   Thumb Code    40  btod.o(CL$$btod_emul)
    __btod_mult_common                       0x080077db   Thumb Code   580  btod.o(CL$$btod_mult_common)
    __ARM_fpclassify                         0x08007a1f   Thumb Code    48  fpclassify.o(i.__ARM_fpclassify)
    __hardfp_pow                             0x08007a51   Thumb Code  3044  pow.o(i.__hardfp_pow)
    __kernel_poly                            0x08008689   Thumb Code   248  poly.o(i.__kernel_poly)
    __mathlib_dbl_divzero                    0x08008781   Thumb Code    28  dunder.o(i.__mathlib_dbl_divzero)
    __mathlib_dbl_infnan2                    0x080087b1   Thumb Code    20  dunder.o(i.__mathlib_dbl_infnan2)
    __mathlib_dbl_invalid                    0x080087c9   Thumb Code    24  dunder.o(i.__mathlib_dbl_invalid)
    __mathlib_dbl_overflow                   0x080087e9   Thumb Code    24  dunder.o(i.__mathlib_dbl_overflow)
    __mathlib_dbl_underflow                  0x08008809   Thumb Code    24  dunder.o(i.__mathlib_dbl_underflow)
    fabs                                     0x08008829   Thumb Code    24  fabs.o(i.fabs)
    sqrt                                     0x08008841   Thumb Code   110  sqrt.o(i.sqrt)
    _get_lc_numeric                          0x080088b1   Thumb Code    44  lc_numeric_c.o(locale$$code)
    __aeabi_dneg                             0x080088dd   Thumb Code     0  basic.o(x$fpl$basic)
    _dneg                                    0x080088dd   Thumb Code     6  basic.o(x$fpl$basic)
    __aeabi_fneg                             0x080088e3   Thumb Code     0  basic.o(x$fpl$basic)
    _fneg                                    0x080088e3   Thumb Code     6  basic.o(x$fpl$basic)
    _dabs                                    0x080088e9   Thumb Code     6  basic.o(x$fpl$basic)
    _fabs                                    0x080088ef   Thumb Code     6  basic.o(x$fpl$basic)
    __aeabi_d2f                              0x080088f5   Thumb Code     0  d2f.o(x$fpl$d2f)
    _d2f                                     0x080088f5   Thumb Code    98  d2f.o(x$fpl$d2f)
    __aeabi_dadd                             0x08008959   Thumb Code     0  daddsub_clz.o(x$fpl$dadd)
    _dadd                                    0x08008959   Thumb Code   332  daddsub_clz.o(x$fpl$dadd)
    __fpl_dcheck_NaN1                        0x08008aa9   Thumb Code    10  dcheck1.o(x$fpl$dcheck1)
    __fpl_dcmp_Inf                           0x08008ab9   Thumb Code    24  dcmpi.o(x$fpl$dcmpinf)
    __aeabi_ddiv                             0x08008ad1   Thumb Code     0  ddiv.o(x$fpl$ddiv)
    _ddiv                                    0x08008ad1   Thumb Code   552  ddiv.o(x$fpl$ddiv)
    __aeabi_d2uiz                            0x08008d81   Thumb Code     0  dfixu.o(x$fpl$dfixu)
    _dfixu                                   0x08008d81   Thumb Code    90  dfixu.o(x$fpl$dfixu)
    __aeabi_i2d                              0x08008ddb   Thumb Code     0  dflt_clz.o(x$fpl$dflt)
    _dflt                                    0x08008ddb   Thumb Code    46  dflt_clz.o(x$fpl$dflt)
    __aeabi_ui2d                             0x08008e09   Thumb Code     0  dflt_clz.o(x$fpl$dfltu)
    _dfltu                                   0x08008e09   Thumb Code    38  dflt_clz.o(x$fpl$dfltu)
    __aeabi_cdcmple                          0x08008e31   Thumb Code     0  dleqf.o(x$fpl$dleqf)
    _dcmple                                  0x08008e31   Thumb Code   120  dleqf.o(x$fpl$dleqf)
    __fpl_dcmple_InfNaN                      0x08008e93   Thumb Code     0  dleqf.o(x$fpl$dleqf)
    __aeabi_dmul                             0x08008ea9   Thumb Code     0  dmul.o(x$fpl$dmul)
    _dmul                                    0x08008ea9   Thumb Code   332  dmul.o(x$fpl$dmul)
    __fpl_dnaninf                            0x08008ffd   Thumb Code   156  dnaninf.o(x$fpl$dnaninf)
    __fpl_dretinf                            0x08009099   Thumb Code    12  dretinf.o(x$fpl$dretinf)
    __aeabi_cdrcmple                         0x080090a5   Thumb Code     0  drleqf.o(x$fpl$drleqf)
    _drcmple                                 0x080090a5   Thumb Code   108  drleqf.o(x$fpl$drleqf)
    __aeabi_drsub                            0x08009111   Thumb Code     0  daddsub_clz.o(x$fpl$drsb)
    _drsb                                    0x08009111   Thumb Code    22  daddsub_clz.o(x$fpl$drsb)
    _dsqrt                                   0x08009129   Thumb Code   404  dsqrt_umaal.o(x$fpl$dsqrt)
    __aeabi_dsub                             0x080092c1   Thumb Code     0  daddsub_clz.o(x$fpl$dsub)
    _dsub                                    0x080092c1   Thumb Code   464  daddsub_clz.o(x$fpl$dsub)
    __aeabi_f2d                              0x08009495   Thumb Code     0  f2d.o(x$fpl$f2d)
    _f2d                                     0x08009495   Thumb Code    86  f2d.o(x$fpl$f2d)
    __fpl_fnaninf                            0x080094eb   Thumb Code   140  fnaninf.o(x$fpl$fnaninf)
    _fp_init                                 0x08009577   Thumb Code    10  fpinit.o(x$fpl$fpinit)
    __fplib_config_fpu_vfp                   0x0800957f   Thumb Code     0  fpinit.o(x$fpl$fpinit)
    __fplib_config_pureend_doubles           0x0800957f   Thumb Code     0  fpinit.o(x$fpl$fpinit)
    __fpl_fretinf                            0x08009581   Thumb Code    10  fretinf.o(x$fpl$fretinf)
    _printf_fp_dec                           0x0800958b   Thumb Code     4  printf1.o(x$fpl$printf1)
    __fpl_return_NaN                         0x0800958f   Thumb Code   100  retnan.o(x$fpl$retnan)
    __ARM_scalbn                             0x080095f3   Thumb Code    92  scalbn.o(x$fpl$scalbn)
    __fpl_cmpreturn                          0x0800964f   Thumb Code    48  trapv.o(x$fpl$trapveneer)
    OSUnMapTbl                               0x0800967e   Data         256  os_core.o(.constdata)
    __I$use$fp                               0x0800967e   Number         0  usenofp.o(x$fpl$usenofp)
    __mathlib_zero                           0x08009808   Data           8  qnan.o(.constdata)
    Region$$Table$$Base                      0x080098fc   Number         0  anon$$obj.o(Region$$Table)
    Region$$Table$$Limit                     0x0800991c   Number         0  anon$$obj.o(Region$$Table)
    StackBytes                               0x20000038   Data           8  main.o(.data)
    SystemCoreClock                          0x20000040   Data           4  system_stm32f4xx.o(.data)
    AHBPrescTable                            0x20000044   Data          16  system_stm32f4xx.o(.data)
    F6x8                                     0x20000054   Data         552  oled.o(.data)
    F8X16                                    0x2000027c   Data        1520  oled.o(.data)
    Hz                                       0x2000086c   Data        1536  oled.o(.data)
    g_usart1_rx_cnt                          0x20000ea4   Data           4  usart.o(.data)
    g_usart1_rx_end                          0x20000ea8   Data           4  usart.o(.data)
    g_usart2_rx_cnt                          0x20000eac   Data           4  usart.o(.data)
    g_usart2_rx_end                          0x20000eb0   Data           4  usart.o(.data)
    g_usart3_rx_cnt                          0x20000eb4   Data           4  usart.o(.data)
    g_usart3_rx_end                          0x20000eb8   Data           4  usart.o(.data)
    __stdout                                 0x20000ebc   Data           4  usart.o(.data)
    __stdin                                  0x20000ec0   Data           4  usart.o(.data)
    OSCtxSwCtr                               0x20000ec4   Data           4  os_core.o(.data)
    OSEventFreeList                          0x20000ec8   Data           4  os_core.o(.data)
    OSFlagFreeList                           0x20000ecc   Data           4  os_core.o(.data)
    OSCPUUsage                               0x20000ed0   Data           1  os_core.o(.data)
    OSIdleCtrMax                             0x20000ed4   Data           4  os_core.o(.data)
    OSIdleCtrRun                             0x20000ed8   Data           4  os_core.o(.data)
    OSStatRdy                                0x20000edc   Data           1  os_core.o(.data)
    OSIntNesting                             0x20000edd   Data           1  os_core.o(.data)
    OSLockNesting                            0x20000ede   Data           1  os_core.o(.data)
    OSPrioCur                                0x20000edf   Data           1  os_core.o(.data)
    OSPrioHighRdy                            0x20000ee0   Data           1  os_core.o(.data)
    OSRdyGrp                                 0x20000ee1   Data           1  os_core.o(.data)
    OSRdyTbl                                 0x20000ee2   Data           8  os_core.o(.data)
    OSRunning                                0x20000eea   Data           1  os_core.o(.data)
    OSTaskCtr                                0x20000eeb   Data           1  os_core.o(.data)
    OSIdleCtr                                0x20000eec   Data           4  os_core.o(.data)
    OSTCBCur                                 0x20000ef0   Data           4  os_core.o(.data)
    OSTCBFreeList                            0x20000ef4   Data           4  os_core.o(.data)
    OSTCBHighRdy                             0x20000ef8   Data           4  os_core.o(.data)
    OSTCBList                                0x20000efc   Data           4  os_core.o(.data)
    OSTickStepState                          0x20000f00   Data           1  os_core.o(.data)
    OSQFreeList                              0x20000f04   Data           4  os_core.o(.data)
    OSTime                                   0x20000f08   Data           4  os_core.o(.data)
    START_TASK_STK                           0x20001090   Data         512  main.o(.bss)
    LED_TASK_STK                             0x20001290   Data         256  main.o(.bss)
    ULTRASONIC_TASK_STK                      0x20001390   Data        1024  main.o(.bss)
    DHT11_TASK_STK                           0x20001790   Data        1024  main.o(.bss)
    MQ_TASK_STK                              0x20001b90   Data        1496  main.o(.bss)
    BC28_TASK_STK                            0x20002168   Data        1024  main.o(.bss)
    OPENLID_TASK_STK                         0x20002568   Data        1024  main.o(.bss)
    OLED_TASK_STK                            0x20002968   Data        4096  main.o(.bss)
    BEEP_TASK_STK                            0x20003968   Data         512  main.o(.bss)
    g_usart1_rx_buf                          0x20003c78   Data         512  usart.o(.bss)
    g_usart2_rx_buf                          0x20003e78   Data         512  usart.o(.bss)
    g_usart3_rx_buf                          0x20004078   Data         512  usart.o(.bss)
    OSEventTbl                               0x20004278   Data         400  os_core.o(.bss)
    OSFlagTbl                                0x20004408   Data         320  os_core.o(.bss)
    OSTaskStatStk                            0x20004548   Data         512  os_core.o(.bss)
    OSTaskIdleStk                            0x20004748   Data         768  os_core.o(.bss)
    OSTCBPrioTbl                             0x20004a48   Data         256  os_core.o(.bss)
    OSTCBTbl                                 0x20004b48   Data        1848  os_core.o(.bss)
    OSQTbl                                   0x20005280   Data         480  os_core.o(.bss)
    __libspace_start                         0x20005460   Data          96  libspace.o(.bss)
    __temporary_stack_top$libspace           0x200054c0   Data           0  libspace.o(.bss)



==============================================================================

Memory Map of the image

  Image Entry point : 0x08000189

  Load Region LR_IROM1 (Base: 0x08000000, Size: 0x0000a844, Max: 0x00080000, ABSOLUTE, COMPRESSED[0x0000a130])

    Execution Region ER_IROM1 (Base: 0x08000000, Size: 0x00009938, Max: 0x00080000, ABSOLUTE)

    Base Addr    Size         Type   Attr      Idx    E Section Name        Object

    0x08000000   0x00000188   Data   RO          530    RESET               startup_stm32f40_41xxx.o
    0x08000188   0x00000008   Code   RO         1601  * !!!main             c_w.l(__main.o)
    0x08000190   0x00000034   Code   RO         1926    !!!scatter          c_w.l(__scatter.o)
    0x080001c4   0x0000005a   Code   RO         1924    !!dczerorl2         c_w.l(__dczerorl2.o)
    0x0800021e   0x00000002   PAD
    0x08000220   0x0000001c   Code   RO         1928    !!handler_zi        c_w.l(__scatter_zi.o)
    0x0800023c   0x00000000   Code   RO         1590    .ARM.Collect$$_printf_percent$$00000000  c_w.l(_printf_percent.o)
    0x0800023c   0x00000006   Code   RO         1589    .ARM.Collect$$_printf_percent$$00000003  c_w.l(_printf_f.o)
    0x08000242   0x00000006   Code   RO         1588    .ARM.Collect$$_printf_percent$$00000009  c_w.l(_printf_d.o)
    0x08000248   0x00000006   Code   RO         1587    .ARM.Collect$$_printf_percent$$00000014  c_w.l(_printf_s.o)
    0x0800024e   0x00000004   Code   RO         1664    .ARM.Collect$$_printf_percent$$00000017  c_w.l(_printf_percent_end.o)
    0x08000252   0x00000002   Code   RO         1800    .ARM.Collect$$libinit$$00000000  c_w.l(libinit.o)
    0x08000254   0x00000004   Code   RO         1801    .ARM.Collect$$libinit$$00000001  c_w.l(libinit2.o)
    0x08000258   0x00000000   Code   RO         1804    .ARM.Collect$$libinit$$00000004  c_w.l(libinit2.o)
    0x08000258   0x00000000   Code   RO         1807    .ARM.Collect$$libinit$$0000000A  c_w.l(libinit2.o)
    0x08000258   0x00000000   Code   RO         1809    .ARM.Collect$$libinit$$0000000C  c_w.l(libinit2.o)
    0x08000258   0x00000000   Code   RO         1811    .ARM.Collect$$libinit$$0000000E  c_w.l(libinit2.o)
    0x08000258   0x00000006   Code   RO         1812    .ARM.Collect$$libinit$$0000000F  c_w.l(libinit2.o)
    0x0800025e   0x00000000   Code   RO         1814    .ARM.Collect$$libinit$$00000011  c_w.l(libinit2.o)
    0x0800025e   0x00000000   Code   RO         1816    .ARM.Collect$$libinit$$00000013  c_w.l(libinit2.o)
    0x0800025e   0x00000000   Code   RO         1818    .ARM.Collect$$libinit$$00000015  c_w.l(libinit2.o)
    0x0800025e   0x0000000a   Code   RO         1819    .ARM.Collect$$libinit$$00000016  c_w.l(libinit2.o)
    0x08000268   0x00000000   Code   RO         1820    .ARM.Collect$$libinit$$00000017  c_w.l(libinit2.o)
    0x08000268   0x00000000   Code   RO         1822    .ARM.Collect$$libinit$$00000019  c_w.l(libinit2.o)
    0x08000268   0x00000000   Code   RO         1824    .ARM.Collect$$libinit$$0000001B  c_w.l(libinit2.o)
    0x08000268   0x00000000   Code   RO         1826    .ARM.Collect$$libinit$$0000001D  c_w.l(libinit2.o)
    0x08000268   0x00000000   Code   RO         1828    .ARM.Collect$$libinit$$0000001F  c_w.l(libinit2.o)
    0x08000268   0x00000000   Code   RO         1830    .ARM.Collect$$libinit$$00000021  c_w.l(libinit2.o)
    0x08000268   0x00000000   Code   RO         1832    .ARM.Collect$$libinit$$00000023  c_w.l(libinit2.o)
    0x08000268   0x00000000   Code   RO         1834    .ARM.Collect$$libinit$$00000025  c_w.l(libinit2.o)
    0x08000268   0x00000000   Code   RO         1838    .ARM.Collect$$libinit$$0000002C  c_w.l(libinit2.o)
    0x08000268   0x00000000   Code   RO         1840    .ARM.Collect$$libinit$$0000002E  c_w.l(libinit2.o)
    0x08000268   0x00000000   Code   RO         1842    .ARM.Collect$$libinit$$00000030  c_w.l(libinit2.o)
    0x08000268   0x00000000   Code   RO         1844    .ARM.Collect$$libinit$$00000032  c_w.l(libinit2.o)
    0x08000268   0x00000002   Code   RO         1845    .ARM.Collect$$libinit$$00000033  c_w.l(libinit2.o)
    0x0800026a   0x00000002   Code   RO         1877    .ARM.Collect$$libshutdown$$00000000  c_w.l(libshutdown.o)
    0x0800026c   0x00000000   Code   RO         1887    .ARM.Collect$$libshutdown$$00000003  c_w.l(libshutdown2.o)
    0x0800026c   0x00000000   Code   RO         1890    .ARM.Collect$$libshutdown$$00000006  c_w.l(libshutdown2.o)
    0x0800026c   0x00000000   Code   RO         1893    .ARM.Collect$$libshutdown$$00000009  c_w.l(libshutdown2.o)
    0x0800026c   0x00000000   Code   RO         1895    .ARM.Collect$$libshutdown$$0000000B  c_w.l(libshutdown2.o)
    0x0800026c   0x00000000   Code   RO         1898    .ARM.Collect$$libshutdown$$0000000E  c_w.l(libshutdown2.o)
    0x0800026c   0x00000002   Code   RO         1899    .ARM.Collect$$libshutdown$$0000000F  c_w.l(libshutdown2.o)
    0x0800026e   0x00000000   Code   RO         1649    .ARM.Collect$$rtentry$$00000000  c_w.l(__rtentry.o)
    0x0800026e   0x00000000   Code   RO         1718    .ARM.Collect$$rtentry$$00000002  c_w.l(__rtentry2.o)
    0x0800026e   0x00000006   Code   RO         1730    .ARM.Collect$$rtentry$$00000004  c_w.l(__rtentry4.o)
    0x08000274   0x00000000   Code   RO         1720    .ARM.Collect$$rtentry$$00000009  c_w.l(__rtentry2.o)
    0x08000274   0x00000004   Code   RO         1721    .ARM.Collect$$rtentry$$0000000A  c_w.l(__rtentry2.o)
    0x08000278   0x00000000   Code   RO         1723    .ARM.Collect$$rtentry$$0000000C  c_w.l(__rtentry2.o)
    0x08000278   0x00000008   Code   RO         1724    .ARM.Collect$$rtentry$$0000000D  c_w.l(__rtentry2.o)
    0x08000280   0x00000002   Code   RO         1848    .ARM.Collect$$rtexit$$00000000  c_w.l(rtexit.o)
    0x08000282   0x00000000   Code   RO         1857    .ARM.Collect$$rtexit$$00000002  c_w.l(rtexit2.o)
    0x08000282   0x00000004   Code   RO         1858    .ARM.Collect$$rtexit$$00000003  c_w.l(rtexit2.o)
    0x08000286   0x00000006   Code   RO         1859    .ARM.Collect$$rtexit$$00000004  c_w.l(rtexit2.o)
    0x0800028c   0x000004e0   Code   RO            3    .text               main.o
    0x0800076c   0x00000016   Code   RO          210    .text               stm32f4xx_it.o
    0x08000782   0x00000002   PAD
    0x08000784   0x00000210   Code   RO          259    .text               system_stm32f4xx.o
    0x08000994   0x0000089e   Code   RO          285    .text               oled.o
    0x08001232   0x00000002   PAD
    0x08001234   0x000001ac   Code   RO          331    .text               dht11.o
    0x080013e0   0x00000060   Code   RO          351    .text               beep.o
    0x08001440   0x000000bc   Code   RO          392    .text               ultrasonic.o
    0x080014fc   0x000000e0   Code   RO          412    .text               adc.o
    0x080015dc   0x00000150   Code   RO          435    .text               mq.o
    0x0800172c   0x00000770   Code   RO          461    .text               bc28.o
    0x08001e9c   0x000001a4   Code   RO          488    .text               hc-sr501.o
    0x08002040   0x000001fc   Code   RO          510    .text               mg90s.o
    0x0800223c   0x00000040   Code   RO          531    .text               startup_stm32f40_41xxx.o
    0x0800227c   0x000000e0   Code   RO          537    .text               misc.o
    0x0800235c   0x00000294   Code   RO          557    .text               stm32f4xx_gpio.o
    0x080025f0   0x0000065c   Code   RO          577    .text               stm32f4xx_rcc.o
    0x08002c4c   0x00000454   Code   RO          619    .text               stm32f4xx_usart.o
    0x080030a0   0x00000464   Code   RO          639    .text               stm32f4xx_adc.o
    0x08003504   0x00000ca2   Code   RO         1214    .text               stm32f4xx_tim.o
    0x080041a6   0x00000002   PAD
    0x080041a8   0x0000014c   Code   RO         1254    .text               delay.o
    0x080042f4   0x00000298   Code   RO         1294    .text               usart.o
    0x0800458c   0x00000890   Code   RO         1322    .text               os_core.o
    0x08004e1c   0x0000080c   Code   RO         1350    .text               os_flag.o
    0x08005628   0x000005e8   Code   RO         1424    .text               os_q.o
    0x08005c10   0x000007c4   Code   RO         1464    .text               os_task.o
    0x080063d4   0x000001b0   Code   RO         1484    .text               os_time.o
    0x08006584   0x000000c8   Code   RO         1516    .text               os_cpu_a.o
    0x0800664c   0x000001c0   Code   RO         1521    .text               os_cpu_c.o
    0x0800680c   0x00000002   Code   RO         1551    .text               c_w.l(use_no_semi.o)
    0x0800680e   0x00000002   PAD
    0x08006810   0x00000018   Code   RO         1557    .text               c_w.l(noretval__2printf.o)
    0x08006828   0x00000028   Code   RO         1559    .text               c_w.l(noretval__2sprintf.o)
    0x08006850   0x00000068   Code   RO         1561    .text               c_w.l(__printf.o)
    0x080068b8   0x00000052   Code   RO         1563    .text               c_w.l(_printf_str.o)
    0x0800690a   0x00000002   PAD
    0x0800690c   0x00000078   Code   RO         1565    .text               c_w.l(_printf_dec.o)
    0x08006984   0x00000024   Code   RO         1591    .text               c_w.l(strstr.o)
    0x080069a8   0x00000018   Code   RO         1593    .text               c_w.l(strcat.o)
    0x080069c0   0x00000044   Code   RO         1595    .text               c_w.l(rt_memclr.o)
    0x08006a04   0x0000004e   Code   RO         1597    .text               c_w.l(rt_memclr_w.o)
    0x08006a52   0x00000006   Code   RO         1599    .text               c_w.l(heapauxi.o)
    0x08006a58   0x00000016   Code   RO         1650    .text               c_w.l(_rserrno.o)
    0x08006a6e   0x000000b2   Code   RO         1652    .text               c_w.l(_printf_intcommon.o)
    0x08006b20   0x0000041a   Code   RO         1654    .text               c_w.l(_printf_fp_dec.o)
    0x08006f3a   0x00000002   PAD
    0x08006f3c   0x00000030   Code   RO         1656    .text               c_w.l(_printf_char_common.o)
    0x08006f6c   0x0000000a   Code   RO         1658    .text               c_w.l(_sputc.o)
    0x08006f76   0x0000002c   Code   RO         1660    .text               c_w.l(_printf_char.o)
    0x08006fa2   0x00000002   PAD
    0x08006fa4   0x00000024   Code   RO         1662    .text               c_w.l(_printf_char_file.o)
    0x08006fc8   0x00000008   Code   RO         1735    .text               c_w.l(rt_locale_intlibspace.o)
    0x08006fd0   0x00000008   Code   RO         1740    .text               c_w.l(rt_errno_addr_intlibspace.o)
    0x08006fd8   0x0000008a   Code   RO         1742    .text               c_w.l(lludiv10.o)
    0x08007062   0x00000002   PAD
    0x08007064   0x00000080   Code   RO         1744    .text               c_w.l(_printf_fp_infnan.o)
    0x080070e4   0x000000dc   Code   RO         1748    .text               c_w.l(bigflt0.o)
    0x080071c0   0x00000008   Code   RO         1773    .text               c_w.l(ferror.o)
    0x080071c8   0x00000008   Code   RO         1786    .text               c_w.l(libspace.o)
    0x080071d0   0x0000004a   Code   RO         1789    .text               c_w.l(sys_stackheap_outer.o)
    0x0800721a   0x0000000c   Code   RO         1791    .text               c_w.l(exit.o)
    0x08007226   0x00000002   PAD
    0x08007228   0x00000080   Code   RO         1793    .text               c_w.l(strcmpv7m.o)
    0x080072a8   0x0000003e   Code   RO         1751    CL$$btod_d2e        c_w.l(btod.o)
    0x080072e6   0x00000046   Code   RO         1753    CL$$btod_d2e_denorm_low  c_w.l(btod.o)
    0x0800732c   0x00000060   Code   RO         1752    CL$$btod_d2e_norm_op1  c_w.l(btod.o)
    0x0800738c   0x00000338   Code   RO         1761    CL$$btod_div_common  c_w.l(btod.o)
    0x080076c4   0x000000c6   Code   RO         1758    CL$$btod_e2e        c_w.l(btod.o)
    0x0800778a   0x00000028   Code   RO         1755    CL$$btod_ediv       c_w.l(btod.o)
    0x080077b2   0x00000028   Code   RO         1754    CL$$btod_emul       c_w.l(btod.o)
    0x080077da   0x00000244   Code   RO         1760    CL$$btod_mult_common  c_w.l(btod.o)
    0x08007a1e   0x00000030   Code   RO         1700    i.__ARM_fpclassify  m_wm.l(fpclassify.o)
    0x08007a4e   0x00000002   PAD
    0x08007a50   0x00000c38   Code   RO         1635    i.__hardfp_pow      m_wm.l(pow.o)
    0x08008688   0x000000f8   Code   RO         1702    i.__kernel_poly     m_wm.l(poly.o)
    0x08008780   0x00000030   Code   RO         1680    i.__mathlib_dbl_divzero  m_wm.l(dunder.o)
    0x080087b0   0x00000014   Code   RO         1682    i.__mathlib_dbl_infnan2  m_wm.l(dunder.o)
    0x080087c4   0x00000004   PAD
    0x080087c8   0x00000020   Code   RO         1683    i.__mathlib_dbl_invalid  m_wm.l(dunder.o)
    0x080087e8   0x00000020   Code   RO         1684    i.__mathlib_dbl_overflow  m_wm.l(dunder.o)
    0x08008808   0x00000020   Code   RO         1686    i.__mathlib_dbl_underflow  m_wm.l(dunder.o)
    0x08008828   0x00000018   Code   RO         1696    i.fabs              m_wm.l(fabs.o)
    0x08008840   0x0000006e   Code   RO         1707    i.sqrt              m_wm.l(sqrt.o)
    0x080088ae   0x00000002   PAD
    0x080088b0   0x0000002c   Code   RO         1778    locale$$code        c_w.l(lc_numeric_c.o)
    0x080088dc   0x00000018   Code   RO         1665    x$fpl$basic         fz_wm.l(basic.o)
    0x080088f4   0x00000062   Code   RO         1603    x$fpl$d2f           fz_wm.l(d2f.o)
    0x08008956   0x00000002   PAD
    0x08008958   0x00000150   Code   RO         1605    x$fpl$dadd          fz_wm.l(daddsub_clz.o)
    0x08008aa8   0x00000010   Code   RO         1780    x$fpl$dcheck1       fz_wm.l(dcheck1.o)
    0x08008ab8   0x00000018   Code   RO         1667    x$fpl$dcmpinf       fz_wm.l(dcmpi.o)
    0x08008ad0   0x000002b0   Code   RO         1612    x$fpl$ddiv          fz_wm.l(ddiv.o)
    0x08008d80   0x0000005a   Code   RO         1615    x$fpl$dfixu         fz_wm.l(dfixu.o)
    0x08008dda   0x0000002e   Code   RO         1620    x$fpl$dflt          fz_wm.l(dflt_clz.o)
    0x08008e08   0x00000026   Code   RO         1619    x$fpl$dfltu         fz_wm.l(dflt_clz.o)
    0x08008e2e   0x00000002   PAD
    0x08008e30   0x00000078   Code   RO         1625    x$fpl$dleqf         fz_wm.l(dleqf.o)
    0x08008ea8   0x00000154   Code   RO         1627    x$fpl$dmul          fz_wm.l(dmul.o)
    0x08008ffc   0x0000009c   Code   RO         1669    x$fpl$dnaninf       fz_wm.l(dnaninf.o)
    0x08009098   0x0000000c   Code   RO         1671    x$fpl$dretinf       fz_wm.l(dretinf.o)
    0x080090a4   0x0000006c   Code   RO         1629    x$fpl$drleqf        fz_wm.l(drleqf.o)
    0x08009110   0x00000016   Code   RO         1606    x$fpl$drsb          fz_wm.l(daddsub_clz.o)
    0x08009126   0x00000002   PAD
    0x08009128   0x00000198   Code   RO         1782    x$fpl$dsqrt         fz_wm.l(dsqrt_umaal.o)
    0x080092c0   0x000001d4   Code   RO         1607    x$fpl$dsub          fz_wm.l(daddsub_clz.o)
    0x08009494   0x00000056   Code   RO         1631    x$fpl$f2d           fz_wm.l(f2d.o)
    0x080094ea   0x0000008c   Code   RO         1673    x$fpl$fnaninf       fz_wm.l(fnaninf.o)
    0x08009576   0x0000000a   Code   RO         1852    x$fpl$fpinit        fz_wm.l(fpinit.o)
    0x08009580   0x0000000a   Code   RO         1675    x$fpl$fretinf       fz_wm.l(fretinf.o)
    0x0800958a   0x00000004   Code   RO         1633    x$fpl$printf1       fz_wm.l(printf1.o)
    0x0800958e   0x00000064   Code   RO         1846    x$fpl$retnan        fz_wm.l(retnan.o)
    0x080095f2   0x0000005c   Code   RO         1677    x$fpl$scalbn        fz_wm.l(scalbn.o)
    0x0800964e   0x00000030   Code   RO         1854    x$fpl$trapveneer    fz_wm.l(trapv.o)
    0x0800967e   0x00000000   Code   RO         1679    x$fpl$usenofp       fz_wm.l(usenofp.o)
    0x0800967e   0x00000100   Data   RO         1324    .constdata          os_core.o
    0x0800977e   0x00000002   PAD
    0x08009780   0x00000088   Data   RO         1638    .constdata          m_wm.l(pow.o)
    0x08009808   0x00000008   Data   RO         1704    .constdata          m_wm.l(qnan.o)
    0x08009810   0x00000094   Data   RO         1749    .constdata          c_w.l(bigflt0.o)
    0x080098a4   0x00000056   Data   RO          463    .conststring        bc28.o
    0x080098fa   0x00000002   PAD
    0x080098fc   0x00000020   Data   RO         1922    Region$$Table       anon$$obj.o
    0x0800991c   0x0000001c   Data   RO         1777    locale$$data        c_w.l(lc_numeric_c.o)


    Execution Region RW_IRAM1 (Base: 0x20000000, Size: 0x00005ac0, Max: 0x00020000, ABSOLUTE, COMPRESSED[0x000007f8])

    Base Addr    Size         Type   Attr      Idx    E Section Name        Object

    0x20000000   0x00000040   Data   RW            5    .data               main.o
    0x20000040   0x00000014   Data   RW          260    .data               system_stm32f4xx.o
    0x20000054   0x00000e20   Data   RW          286    .data               oled.o
    0x20000e74   0x0000000c   Data   RW          464    .data               bc28.o
    0x20000e80   0x00000004   Data   RW          489    .data               hc-sr501.o
    0x20000e84   0x00000010   Data   RW          578    .data               stm32f4xx_rcc.o
    0x20000e94   0x00000004   Data   RW         1255    .data               delay.o
    0x20000e98   0x0000002c   Data   RW         1296    .data               usart.o
    0x20000ec4   0x00000048   Data   RW         1325    .data               os_core.o
    0x20000f0c   0x00000004   PAD
    0x20000f10   0x00002c58   Zero   RW            4    .bss                main.o
    0x20003b68   0x000000ff   Zero   RW          462    .bss                bc28.o
    0x20003c67   0x00000001   PAD
    0x20003c68   0x00000610   Zero   RW         1295    .bss                usart.o
    0x20004278   0x000011e8   Zero   RW         1323    .bss                os_core.o
    0x20005460   0x00000060   Zero   RW         1787    .bss                c_w.l(libspace.o)
    0x200054c0   0x00000200   Zero   RW          529    HEAP                startup_stm32f40_41xxx.o
    0x200056c0   0x00000400   Zero   RW          528    STACK               startup_stm32f40_41xxx.o


==============================================================================

Image component sizes


      Code (inc. data)   RO Data    RW Data    ZI Data      Debug   Object Name

       224         10          0          0          0       1115   adc.o
      1904        768         86         12        255       2739   bc28.o
        96          8          0          0          0        785   beep.o
       332         18          0          4          0       1501   delay.o
       428         16          0          0          0       1556   dht11.o
       420         22          0          4          0       1801   hc-sr501.o
      1248        142          0         64      11352     308633   main.o
       508         48          0          0          0       1011   mg90s.o
       224         20          0          0          0       1905   misc.o
       336         50          0          0          0        941   mq.o
      2206         46          0       3616          0       7543   oled.o
      2192        216        256         72       4584      14999   os_core.o
       200         32          0          0          0        300   os_cpu_a.o
       448          4          0          0          0      10518   os_cpu_c.o
      2060         40          0          0          0       6848   os_flag.o
      1512         28          0          0          0       5477   os_q.o
      1988         70          0          0          0       7513   os_task.o
       432         30          0          0          0       1778   os_time.o
        64         26        392          0       1536        812   startup_stm32f40_41xxx.o
      1124         24          0          0          0      10582   stm32f4xx_adc.o
       660         44          0          0          0       4177   stm32f4xx_gpio.o
        22          0          0          0          0       1011   stm32f4xx_it.o
      1628         52          0         16          0      12968   stm32f4xx_rcc.o
      3234         60          0          0          0      22384   stm32f4xx_tim.o
      1108         34          0          0          0       7884   stm32f4xx_usart.o
       528         46          0         20          0       1703   system_stm32f4xx.o
       188         16          0          0          0        818   ultrasonic.o
       664         52          0         44       1552       4805   usart.o

    ----------------------------------------------------------------------
     25984       1922        770       3852      19284     444107   Object Totals
         0          0         32          0          0          0   (incl. Generated)
         6          0          4          0          5          0   (incl. Padding)

    ----------------------------------------------------------------------

      Code (inc. data)   RO Data    RW Data    ZI Data      Debug   Library Member Name

        90          0          0          0          0          0   __dczerorl2.o
         8          0          0          0          0         68   __main.o
       104          0          0          0          0         84   __printf.o
         0          0          0          0          0          0   __rtentry.o
        12          0          0          0          0          0   __rtentry2.o
         6          0          0          0          0          0   __rtentry4.o
        52          8          0          0          0          0   __scatter.o
        28          0          0          0          0          0   __scatter_zi.o
        44          0          0          0          0        108   _printf_char.o
        48          6          0          0          0         96   _printf_char_common.o
        36          4          0          0          0         80   _printf_char_file.o
         6          0          0          0          0          0   _printf_d.o
       120         16          0          0          0         92   _printf_dec.o
         6          0          0          0          0          0   _printf_f.o
      1050          0          0          0          0        216   _printf_fp_dec.o
       128         16          0          0          0         84   _printf_fp_infnan.o
       178          0          0          0          0         88   _printf_intcommon.o
         0          0          0          0          0          0   _printf_percent.o
         4          0          0          0          0          0   _printf_percent_end.o
         6          0          0          0          0          0   _printf_s.o
        82          0          0          0          0         80   _printf_str.o
        22          0          0          0          0        100   _rserrno.o
        10          0          0          0          0         68   _sputc.o
       220          4        148          0          0         96   bigflt0.o
      1910        128          0          0          0        672   btod.o
        12          0          0          0          0         72   exit.o
         8          0          0          0          0         68   ferror.o
         6          0          0          0          0        152   heapauxi.o
        44         10         28          0          0         76   lc_numeric_c.o
         2          0          0          0          0          0   libinit.o
        22          0          0          0          0          0   libinit2.o
         2          0          0          0          0          0   libshutdown.o
         2          0          0          0          0          0   libshutdown2.o
         8          4          0          0         96         68   libspace.o
       138          0          0          0          0         80   lludiv10.o
        24          4          0          0          0         84   noretval__2printf.o
        40          6          0          0          0         84   noretval__2sprintf.o
         8          4          0          0          0         68   rt_errno_addr_intlibspace.o
         8          4          0          0          0         68   rt_locale_intlibspace.o
        68          0          0          0          0         68   rt_memclr.o
        78          0          0          0          0         80   rt_memclr_w.o
         2          0          0          0          0          0   rtexit.o
        10          0          0          0          0          0   rtexit2.o
        24          0          0          0          0         68   strcat.o
       128          0          0          0          0         68   strcmpv7m.o
        36          0          0          0          0         80   strstr.o
        74          0          0          0          0         80   sys_stackheap_outer.o
         2          0          0          0          0         68   use_no_semi.o
        24          0          0          0          0        164   basic.o
        98          4          0          0          0        140   d2f.o
       826         16          0          0          0        492   daddsub_clz.o
        16          4          0          0          0        116   dcheck1.o
        24          0          0          0          0        116   dcmpi.o
       688        140          0          0          0        256   ddiv.o
        90          4          0          0          0        140   dfixu.o
        84          0          0          0          0        232   dflt_clz.o
       120          4          0          0          0        140   dleqf.o
       340         12          0          0          0        152   dmul.o
       156          4          0          0          0        140   dnaninf.o
        12          0          0          0          0        116   dretinf.o
       108          0          0          0          0        128   drleqf.o
       408         56          0          0          0        168   dsqrt_umaal.o
        86          4          0          0          0        132   f2d.o
       140          4          0          0          0        132   fnaninf.o
        10          0          0          0          0        116   fpinit.o
        10          0          0          0          0        116   fretinf.o
         4          0          0          0          0        116   printf1.o
       100          0          0          0          0        116   retnan.o
        92          0          0          0          0        116   scalbn.o
        48          0          0          0          0        116   trapv.o
         0          0          0          0          0          0   usenofp.o
       164         44          0          0          0        620   dunder.o
        24          0          0          0          0        124   fabs.o
        48          0          0          0          0        124   fpclassify.o
       248          0          0          0          0        152   poly.o
      3128        302        136          0          0        356   pow.o
         0          0          8          0          0          0   qnan.o
       110          0          0          0          0        148   sqrt.o

    ----------------------------------------------------------------------
     12150        812        320          0         96       8248   Library Totals
        28          0          0          0          0          0   (incl. Padding)

    ----------------------------------------------------------------------

      Code (inc. data)   RO Data    RW Data    ZI Data      Debug   Library Name

      4916        214        176          0         96       3264   c_w.l
      3484        252          0          0          0       3460   fz_wm.l
      3722        346        144          0          0       1524   m_wm.l

    ----------------------------------------------------------------------
     12150        812        320          0         96       8248   Library Totals

    ----------------------------------------------------------------------

==============================================================================


      Code (inc. data)   RO Data    RW Data    ZI Data      Debug   

     38134       2734       1090       3852      19380     442235   Grand Totals
     38134       2734       1090       2040      19380     442235   ELF Image Totals (compressed)
     38134       2734       1090       2040          0          0   ROM Totals

==============================================================================

    Total RO  Size (Code + RO Data)                39224 (  38.30kB)
    Total RW  Size (RW Data + ZI Data)             23232 (  22.69kB)
    Total ROM Size (Code + RO Data + RW Data)      41264 (  40.30kB)

==============================================================================

